data:image/png;base64,iVBORw0KGgoAAAANSUhEUgAAA5EAAADICAYAAABxu2UdAAAAAXNSR0IArs4c6QAAIABJREFUeF7tnW+sXMd5n9+za5o3kEghTRRWFq0Ptj5UMpVAtGOZFAoaqUnZktNAoBgySIC0pndzAfXaFt1AhQGTIp3EJFCTLhgJ1K5pwC0EU6ZZyEZCW7QCiKhNiqnSpkHIgILSPw5FlfIXWYKq3RJ3p5jrs7dH6/0z5+579syZefRFuvfOvvO+z/vT7PntzDmbCP9AAAIQgAAEIAABCEAAAhCAAAQcCSSO4xgGAQhAAAIQgAAEIAABCEAAAhAQTCQigAAEIAABCEAAAhCAAAQgAAFnAphIZ1QMhAAEIAABCEAAAhCAAAQgAAFMJBqAAAQgAAEIQAACEIAABCAAAWcCmEhnVAyEAAQgAAEIQAACEIAABCAAAUwkGoAABCAAAQhAAAIQgAAEIAABZwKYSGdUDIQABCAAAQhAAAIQgAAEIAABTCQagAAEIAABCEAAAhCAAAQgAAFnAphIZ1QMhAAEIAABFwLmU196zGVcqWMS+evk+BefKTUHJocABCAAAQhUlAAmsqKNI20IQAACvhIwu//ou2LkVV/zk0TeL2L+dJSJXFhYWNvtdk+IyH5jzPokSXa0Wq1drvU0m817RORZEbnJGPNQu90+ZV+b/v6kiNh4F/rxRv0+O1+z2TxhjLnUbrcPuObBOAhAAAIQgEBRBDCRRZElLgQgAIFICSyZyMScFTHPe4nA1A6NM5Gpqdu3evXqXZ1O53O2hjzmrdFobB9mPK057XQ6p0XkTDZeo9HYKyLb5ubm7j969Ogbw5hhIr1UEklBAAIQiJYAJjLa1lM4BCAAgWIIVNVEZncQB8lkdxT7f0vN4rftz8aYH1kT2Ol0tiZJ8o7fZY3hoGEcNJbWLIrIzjTmPms27WuSJNmf/d2wcfbv2ZxE5Me1Wm3zsWPHXimm00SFAAQgAIFYCWAiY+08dUMAAhAoiEBVTWTGHNqdQZmbm/tq/1hr9vip/VvfcBpjds/Nzf3A7jAmSXLFHnu1Rk5EHhm2szh4dDX9+Wu1Wu3ji4uLu5Mk2W2NX6/XW2+PxNr49jhsdicya0S73e4d/XH1ev2FXq/3fRH5tM03HZdrF7UgSRAWAhCAAAQCI4CJDKyhlAMBCECgbAJVN5GpYTtpTdni4uLT9Xp95+Bu3qBRTHcAD1sDuLi4+JFRJjKz83jEmsN0l/FOaz4Hj6ymu42S/Zs1toNHYvuvq9frx7MmsmwdMD8EIAABCIRLABMZbm+pDAIQgEApBKpqIvMcZx08ljqwozjSRNqG9I1jrVb7fK/XO2eM2dPfzczeLznMYPZNZJIk9w409+nUbGYf6rN0xHbUfZaliINJIQABCEAgCAKYyCDaSBEQgAAE/CFQVRNpCbo+VGelO5GpibQP3jlsjDlsn9TaN3o5dyKXdjLHdT1rQv1RB5lAAAIQgEAIBDCRIXSRGiAAAQh4RKDKJjL7ZNX+sdZhZm2l90TaNs3Pz99qdyBF5DZjzNLDczI7lLnuibx+/fqadDfzeJIk9mtFlu6vtMdvuSfSo/8pSAUCEIBAYAQwkYE1lHIgAAEIlE2g4iZy4kN1+nyHPZ3VHh0d92Cd/mvT+x0/LiL3DXxn5M89nTVjMO33Vi6ZzuzTWUVk6Shrdpz97/4TYznOWvb/EcwPAQhAIDwCmMjwekpFEIAABEolUGUTWSo4JocABCAAAQhUhAAmsiKNIk0IQAACVSGAiaxKp8gTAhCAAAQgsDICmMiVceNVEIAABCAwgsCSiTTyqreAEnm/iPnT5PgXn/E2RxKDAAQgAAEIeEwAE+lxc0gNAhCAQBUJmE/98b6f5d1b4XtMzaz8tY7EEvlrTKQjK4ZBAAIQgAAEBgis8A0ejhCAAAQgAAEIQAACEIAABCAQIwFMZIxdp2YIQAACEIAABCAAAQhAAAIrJICJXCE4XgYBCEAAAhCAAAQgAAEIQCBGAiNN5MLCwtpOp3M6SZJ7LZjB75uyX2KcJMn+9G8PDfsy5hiBUjMEIAABCEAAAhCAAAQgAIGQCYw0kdYk2sLtlxr3DaWInLE/p1+wfLhWq23u9XrrReSkiOzIfmFyyNCoDQIQgAAEIAABCEAAAhCAQKwEnI+zpqZy29zc3P2dTudzSZLc2Wq1dg0azFhBUjcEIAABCEAAAhCAAAQgAIEYCDibyGazecICscbR/rcx5pLdlbS/y/4tBmjUCAEIQAACEIAABCAAAQhAIFYCTiYye3x11apVb9p7JftHWzGRsUqHuiEAAQhAAAIQgAAEIACBGAlMNJGpgTwuIvf173lkJzJGqVAzBCAAAQhAAAIQgAAEIAABkbEmMn0C6277AJ1jx4690geW/n7YPZFPikjdAewmETnvMI4hEBhHYJ2IXAMRBBQIoCUFiIRYIoCWEIIWAbSkRZI4aAkNaBK4aoONezrr9iRJlp7AmjWQ9kUKT2fdLiKnNKshVpQE3iMiS0LmHwhMSQAtTQmQly8TQEuIQYsAWtIiSRy0hAa0CCxraaSJTB+WszM7Y/a7Iqf8nkhMpFYr447Dohh3/zWrR0uaNOOOhZbi7r9m9WhJk2bcsdBS3P3XrH6yidScbUgsTGTBgCMJz6IYSaNnUCZamgHkSKZAS5E0egZloqUZQI5kCrQUSaNnUCYmcgaQmaJ4AiyKxTOOZQa0FEuni68TLRXPOJYZ0FIsnS6+TrRUPONYZsBExtLpwOtkUQy8wTMsDy3NEHbgU6GlwBs8w/LQ0gxhBz4VWgq8wTMsDxM5Q9hMVRwB9UXxA49dfHdx6RJZk8DFxz7wfxXjqWtJMTdCVYsAWqpWv3zOFi353J1q5YaWqtUvn7PFRPrcHXJzJqC+KH74Gz/5iiSyxzkDBpZCIKnV7rvwe790RnFydS0p5kaoahFAS9Xql8/ZoiWfu1Ot3NBStfrlc7b5TKR9Uqsx5lK73T7Qryr79FZjzEPtdjvPV3bwYB2f5VGd3NQXRWsiTSI31nrSqg6GuDI1iTyZ1GtfwETG1fcKVau+LlWodlLVJYCWdHnGHA0txdx93drdTWTfLBpj9vVNpP16DxHZNjc3d3+3271DRE6KyI5Wq3XBMU9MpCMoho0loL4oYiL9Vxwm0v8eRZ6h+roUOc+Yy0dLMXdft3a0pMsz5miTTeTCwsLaTqdzOkmSK5ZUdicyNZbSarV2zc/P39rr9c4ZY/bk2I3ERMYsP73a1RdFTKRec4qKhIksiixxlQior0tKeRGmegTQUvV65mvGaMnXzlQvr8kmMlvT4HHWRqOxPUmSw7VabXOv11vPTmT1FBBIxuqLIibSf2VgIv3vUeQZqq9LkfOMuXy0FHP3dWtHS7o8Y442nYm05FIj+W0R+bE1k8eOHXslB1F2InPAYuhIAuqLIibSf7VhIv3vUeQZqq9LkfOMuXy0FHP3dWtHS7o8Y442nYkcc5z1hyJSdyC7SUTOO4xjCATGEVgnItc0EW18/KW9Uq/f8NblC09pxiWWHoE1G7YcevvKxYMX9207qxdV1LWkmBuhqkUALVWrXz5ni5Z87k61ckNL1eqX79letQkmLllmj7MOuwcyaypd4okIO5GOoBg2loD6J2vsRPqvOHYi/e9R5Bmqr0uR84y5fLQUc/d1a0dLujxjjlbITuTx7FeATKCLiYxZfnq1qy+KmEi95hQVCRNZFFniKhFQX5eU8iJM9Qigper1zNeM0ZKvnaleXtOZyMyTW+9Na3/aPqk1BwdMZA5YDB1JQH1RxET6rzZMpP89ijxD9XUpcp4xl4+WYu6+bu1oSZdnzNHymcgCSGEiC4AaYUj1RRET6b+KMJH+9yjyDNXXpch5xlw+Woq5+7q1oyVdnjFHw0TG3P2AaldfFDGR/qsDE+l/jyLPUH1dipxnzOWjpZi7r1s7WtLlGXM0TGTM3Q+odvVFERPpvzowkf73KPIM1delyHnGXD5airn7urWjJV2eMUfDRMbc/YBqV18UMZH+qwMT6X+PIs9QfV2KnGfM5aOlmLuvWzta0uUZczRMZMzdD6h29UURE+m/OjCR/vco8gzV16XIecZcPlqKufu6taMlXZ4xR8tnIrPfE9mn1mg09iZJsj/9maezxiyn8mpXXxQxkeU103VmTKQrKcaVREB9XSqpDqYtnwBaKr8HoWSAlkLpZPl1uJtIayBFZKcxZl//eyAbjcb2JEkO12q1zatWrXqz0+mcFpEj7Xb7lGNtPJ3VERTDxhJQXxQxkf4rDhPpf48iz1B9XYqcZ8zlo6WYu69bO1rS5RlztMkmMvNdkFcsKWPMpb6JTHcmT+YwjYOwMZExy0+vdvVFEROp15yiImEiiyJLXCUC6uuSUl6EqR4BtFS9nvmaMVrytTPVy2uyiczWlD3Oas1lt9u1u5OXROTz6TiOs1ZPBCFkrL4oYiL9lwUm0v8eRZ6h+roUOc+Yy0dLMXdft3a0pMsz5mjTmcj0+KrMzc3df/369TW9Xu+cMWZPjp1JdiJjlp9e7eqLIiZSrzlFRcJEFkWWuEoE1NclpbwIUz0CaKl6PfM1Y7Tka2eql5eKiVy+BzK9b1JardZnRaTuwGOTiJx3GMcQCIwjsE5Ermki2vj4S3ulXr/hrcsXntKMSyw9Ams2bDn09pWLBy/u23ZWL6qoa0kxN0JViwBaqla/fM4WLfncnWrlhpaq1S/fs71qE0xcshx8Ouuwn22cVqu1yyWeiLAT6QiKYWMJqH+yxk6k/4pjJ9L/HkWeofq6FDnPmMtHSzF3X7d2tKTLM+ZoK9+JtNTs01lF5BF7nLXb7d4hIs8aY3ZznDVmTZVSu/qiiIkspY+5JsVE5sLF4NkTUF+XZl8CM3pCAC150ogA0kBLATTRkxKmM5GpkVz+nsjs1384FshOpCMohrETiQbeSQATiSI8J8DFmucNqlB6aKlCzfI8VbTkeYMqlF4+E1lAYZjIAqBGGFJ9UWQn0n8VYSL971HkGaqvS5HzjLl8tBRz93VrR0u6PGOOhomMufsB1a6+KGIi/VcHJtL/HkWeofq6FDnPmMtHSzF3X7d2tKTLM+ZomMiYux9Q7eqLIibSf3VgIv3vUeQZqq9LkfOMuXy0FHP3dWtHS7o8Y46GiYy5+wHVrr4oYiL9Vwcm0v8eRZ6h+roUOc+Yy0dLMXdft3a0pMsz5miYyJi7H1Dt6osiJtJ/dWAi/e9R5Bmqr0uR84y5fLQUc/d1a0dLujxjjpbPRA5+L2SWXKPR2Csi2+zXfRw9evQNR6o8WMcRFMPGElBfFDGR/isOE+l/jyLPUH1dipxnzOWjpZi7r1s7WtLlGXM0dxNpDaSI7Bz2NR7NZvOe9Dsi/xYTGbOeSqtdfVHERJbWS+eJMZHOqBhYDgH1damcMpjVAwJoyYMmBJICWgqkkR6UMdlELiwsrO10OqeTJLliEzbGXGq32wf6ydu/d7tdazDt39ZiIj1oa3wpqC+KmEj/RYSJ9L9HkWeovi5FzjPm8tFSzN3XrR0t6fKMOdpkE5mlM+w4qz3GmiTJndZccpw1Zi2VWrv6ooiJLLWfTpNjIp0wMag8AurrUnmlMHPJBNBSyQ0IaHq0FFAzSy5lOhM5Pz9/6+Li4tP1en3n4uLibkxkye2Md3r1RRET6b+YMJH+9yjyDNXXpch5xlw+Woq5+7q1oyVdnjFHm85EpjuTJ9vt9qmBB+v8gojUHchuEpHzDuMYAoFxBNaJyDVNRBsff2mv1Os3vHX5wlOacYmlR2DNhi2H3r5y8eDFfdvO6kUVdS0p5kaoahFAS9Xql8/ZoiWfu1Ot3NBStfrle7ZXbYKJS5bZ46x2F7LX650TkduyrzXG/CjHfZE8ndUFPGMmEVD/ZI2dyEnIy/87O5Hl94AMxhJQX5fgHS0BtBRt69ULR0vqSKMNON1OZBYbX/ERrYh8KFx9UcRE+tDW8TlgIv3vUeQZqq9LkfOMuXy0FHP3dWtHS7o8Y46GiYy5+wHVrr4oYiL9Vwcm0v8eRZ6h+roUOc+Yy0dLMXdft3a0pMsz5mj5TGQBpDjOWgDUCEOqL4qYSP9VhIn0v0eRZ6i+LkXOM+by0VLM3detHS3p8ow5GiYy5u4HVLv6ooiJ9F8dmEj/exR5hurrUuQ8Yy4fLcXcfd3a0ZIuz5ijYSJj7n5AtasviphI/9WBifS/R5FnqL4uRc4z5vLRUszd160dLenyjDkaJjLm7gdUu/qiiIn0Xx2YSP97FHmG6utS5DxjLh8txdx93drRki7PmKPlM5HZr/iw1JrN5j0i8qyI3GR/Nsbsa7fbB3IQ5Z7IHLAYOpKA+qKIifRfbZhI/3sUeYbq61LkPGMuHy3F3H3d2tGSLs+Yo7mbSGsgRWRn3yguLCys7Xa79nf7W63WhdRQnhSRHfZnR6qYSEdQDBtLQH1RxET6rzhMpP89ijxD9XUpcp4xl4+WYu6+bu1oSZdnzNEmm0hrFjudzukkSa6ku42Xhu029seJyJkcu5GYyJjlp1e7+qKIidRrTlGRMJFFkSWuEgH1dUkpL8JUjwBaql7PfM0YLfnamerlNdlEZmsaPM6a/dv8/PytvV7vnDFmT7vdPuXIAhPpCIph7ESigXcSwESiCM8JcLHmeYMqlB5aqlCzPE8VLXneoAqlp2ci0+Ou0mq1duUAgInMAYuhIwmoL4rsRPqvNkyk/z2KPEP1dSlynjGXj5Zi7r5u7WhJl2fM0XRMZLpDuX5ubu7+o0ePvpGDKCYyByyGYiLRwP8ngIlEDZ4T4GLN8wZVKD20VKFmeZ4qWvK8QRVKbzoTmb1fcmAHcp2I1B1AbBKR8w7jnIa8+ODDWzfc9MuPOA1mUGkE/u71n3z17meeOKOYgNXbNcV4svHxl/ZKvX7DW5cvPKUZl1h6BNZs2HLo7SsXD17ct+2sXlRR15JiboSqFgG0VK1++ZwtWvK5O9XKDS1Vq1++Z3vVJpi4ZDnkKz7s01nzHmHNTqW6E2kaf/JJ6S0+JolpudTDmBIImKQpRg4kX//idxVnV/9kjeOsit0pKBQ7kQWBJawWAfV1SSsx4lSOAFqqXMu8TRgteduayiW28p3I/oN0ROS2bNk5vyuyKBP5B5VrRSwJm+RJTGQszS62TkxksXyJPjUBLtamRkiAlABaQgpaBNCSFkni5DORBfDCRBYA1euQmEiv21Ol5DCRVepWlLlysRZl2wspGi0VgjXKoGgpyrYXUjQmshCsBB1NABOJOpQIYCKVQBKmKAJcrBVFNr64aCm+nhdVMVoqimx8cTGR8fW85IoxkSU3IJzpMZHh9DLQSrhYC7SxJZSFlkqAHuiUaCnQxpZQFiayBOhxT4mJjLv/itVjIhVhEqoIAlysFUE1zphoKc6+F1E1WiqCapwxMZFx9r3EqjGRJcIPa2pMZFj9DLAaLtYCbGpJJaGlksAHOC1aCrCpJZWUz0QOfsWHTbrRaOxNkmS//W9jzEPtdvtUjmJ4sE4OWEEMxUQG0UYfisBE+tAFchhDgIs15KFFAC1pkSQOWkIDWgTcTaQ1kCKyM/sVHo1GY3uSJIdrtdrmXq+3XkROisiOVqt1wTFDTKQjqGCGYSKDaWXZhWAiy+4A808gwMUaEtEigJa0SBIHLaEBLQKTTeTCwsLaTqdzOkmSK+lu46V2u30gswt5Z6vV2tUfJyJn+n93yBIT6QApqCGYyKDaWWYxmMgy6TO3AwEu1hwgMcSJAFpywsQgBwJoyQESQ5wITDaR2TCDx1mH/WzHW1PpNL0IJtIRVDDDMJHBtLLsQjCRZXeA+ScQ4GINiWgRQEtaJImDltCAFoGVm8hhO4/pkVdMpFZ7QoyDiQyxq6XUhIksBTuTuhPgYs2dFSPHE0BLKESLAFrSIkmclZtIy27MTuRnRaTuwHeTiJx3GOc05MUHH956100373nu1ZcfdXoBg2ZO4GO33H7o0uuvHbn7mSfOKE6+TkSuKcaTjY+/tFfq9RveunzhKc24xNIjsGbDlkNvX7l48OK+bWf1ooq6lhRzI1S1CKClavXL52zRks/dqVZuaKla/fI926s2wcQly0HTmD6ZlXsiXeAx5mcE2IlECUoE2IlUAkmYogjwiX9RZOOLi5bi63lRFaOlosjGF3e6nUiezhqfYqauGBM5NUIC9D+PkCeTeu0LF37vlzR3tXmDRWBaBNCSFknioCU0oEUALWmRJM50JtLy43siUVEuApjIXLgYPJoAO5Gow3MCXKx53qAKpYeWKtQsz1NFS543qELp5TORBRTG01kLgOp1SEyk1+2pUnKYyCp1K8pcuViLsu2FFI2WCsEaZVC0FGXbCykaE1kIVoKO2z56UowcSL7+xe8qYlJfFD/8jZ98xSRyY60nLcU8CaVIABOpCJNQRRBQX5eKSJKYlSCAlirRpkokiZYq0aZKJImJrESbQkqSnciQullqLZjIUvEz+WQCXKxNZsQINwJoyY0ToyYTQEuTGTHCjQAm0o0To9QIYCLVUMYeCBMZuwK8r5+LNe9bVJkE0VJlWuV9omjJ+xZVJkFMZGVaFUqimMhQOll6HZjI0ltAAuMJcLGGQrQIoCUtksRBS2hAi8D0JtJ+d6SI7LQZGWMearfbp3Jkx4N1csAKYigmMog2+lAEJtKHLpDDGAJcrCEPLQJoSYskcdASGtAiMJ2JtF/vISLb5ubm7u92u3eIyEkR2dFqtS44ZoiJdAQVzDBMZDCtLLsQTGTZHWD+CQS4WEMiWgTQkhZJ4qAlNKBFYDoTme5CSqvV2jU/P39rr9c7Z4zZk2M3EhOp1cqqxMFEVqVT3ueJifS+RbEnyMVa7ArQqx8t6bGMPRJail0BevVPZyIbjcb2JEkO12q1zb1ebz07kXqdCTYSJjLY1s66MEzkrIkzX04CXKzlBMbwkQTQEuLQIoCWtEgSZzoTafmlRvLbIvJjayaPHTv2Sg6u7ETmgBXEUExkEG30oQhMpA9dIIcxBLhYQx5aBNCSFknioCU0oEVgOhM55jjrD0Wk7pDlJhE57zDOaciLDz689a6bbt7z3KsvP+r0AgbNnMDHbrn90KXXXzty9zNPnFGcfJ2IXFOMJxsff2mv1Os3vHX5wlOacYmlR2DNhi2H3r5y8eDFfdvO6kUVdS0p5kaoahFAS9Xql8/ZoiWfu1Ot3NBStfrle7ZXbYJJ3iyH3QOZNZWO8diJdAQVzDB2IoNpZdmFsBNZdgeYfwIBPvFHIloE0JIWSeKgJTSgRaCQncjj7Xb7gGOGmEhHUMEMw0QG08qyC8FElt0B5sdEooEZEeDCf0agI5gGLUXQ5BmVOJ2JXFhYWNvpdE4nSXJvmvDT9kmtOZLHROaAFcRQTGQQbfShCEykD10ghzEEuFhDHloE0JIWSeKgJTSgRWA6E6mQBSZSAWKlQmAiK9Uun5PFRPrcHXITES7WkIEWAbSkRZI4aAkNaBHARGqRJI4jAUykIyiGTSKAiZxEiL+XTICLtZIbEND0aCmgZpZcCloquQEBTY+JDKiZ1SgFE1mNPlUgS0xkBZoUd4pcrMXdf83q0ZImzbhjoaW4+69ZPSZSkyaxHAhgIh0gMcSFACbShRJjSiTAxVqJ8AObGi0F1tASy0FLJcIPbGpMZGAN9b8cTKT/PapIhpjIijQq3jS5WIu399qVoyVtovHGQ0vx9l678ulNZKPR2Jskyf40M57Oqt2i0OJhIkPraGn1YCJLQ8/EbgS4WHPjxKjJBNDSZEaMcCOAltw4MWoygelMZKPR2J4kyeFarbZ51apVb9qv+xCRI+12+9TkuZdG8HRWR1DBDMNEBtPKsgvBRJbdAeafQICLNSSiRQAtaZEkDlpCA1oEpjORzWbzhDHmZA7TOJg4JlKrlVWJg4msSqe8zxMT6X2LYk+Qi7XYFaBXP1rSYxl7JLQUuwL06l+5iVxYWFjb7XZPiMglEfl8mhPHWfWaE2YkTGSYfS2hKkxkCdCZMg8BLtby0GLsOAJoCX1oEUBLWiSJM52JTI+vytzc3P3Xr19f0+v1zhlj9uTYmWQnMjYRYiJj63hh9WIiC0NLYB0CXKzpcCSKCFpCBVoE0JIWSeKomMjleyDt8VbLtNVqfVZE6g58N4nIeYdxTkNefPDhrXfddPOe5159+VGnFzBo5gQ+dsvthy69/tqRu5954ozi5OtE5JpiPNn4+Et7pV6/4a3LF57SjEssPQJrNmw59PaViwcv7tt2Vi+qqGtJMTdCVYsAWqpWv3zOFi353J1q5YaWqtUv37O9ahNMVpJlek/kpXa7fcC+PmMidznGYyfSEVQww9iJDKaVZRfCTmTZHWD+CQT4xB+JaBFAS1okiYOW0IAWgZXvRNoM7NNZReQRe5y12+3eISLPGmN2c5xVqz8BxsFEBtjUckrCRJbDnVmdCXCx5oyKgXwggQZmRIB1aUagI5hmOhOZGsnl74k0xuzr70o6wmMn0hFUMMMwkcG0suxCMJFld4D5ufBHAzMiwIX/jEBHMA1aiqDJMypxehM5ZaKYyCkBVu7lmMjKtczXhDGRvnaGvFICXKwhBS0CaEmLJHHQEhrQIoCJ1CJJHEcCmEhHUAybRAATOYkQfy+ZABdrJTcgoOnRUkDNLLkUtFRyAwKaHhMZUDOrUQomshp9qkCWmMgKNCnuFLlYi7v/mtWjJU2accdCS3H3X7N6TKQmTWI5EMBEOkBiiAsBTKQLJcaUSED9Yu2Bs2ePlFgPUzsS+PMtWx5xHOo6TF1LrhMzLjgCaCm4lpZWECayNPSxToyJjLXz6nVjItWRElCXgPrF2gPPP2/sVzHrpkk0TQJG5O7TH/3ohzVjioi6lpTzI1x1CKCl6vTK90z1TGSj0dgrItvs130cPXr0DcfKebCOI6hghmEig2ll2YVgIsvuAPNPIKB+sbZkInu9D0HeWwIfNLXapzGR3vaHxPhAAg3oEdAxkc1m8570OyL/FhOp150gI2Eig2xrGUVhIsugzpz1t9EZAAAToUlEQVQ5CGAic8AKZCgmMpBGBlyG+roUMCtKG09gehO5sLCwttvtnrDzGGPWYiLR3FgCmEgEokQAE6kEkjBFEVC/WGMnsqhWqcXFRKqhJFBBBNTXpYLyJKz/BKY3kfYYa5IkdxpjLnGc1f+Ol54hJrL0FoSSACYylE4GW4f6xRom0nutYCK9b1H0CaqvS9ETjRfAdCZyfn7+1sXFxafr9frOxcXF3ZjIeJXkXDkm0hkVA8cTwESiEM8JqF+sYSI977gIJtL7FkWfoPq6FD3ReAFMZyKbzeYJY8zJdrt9auDBOr8gInUHrptE5LzDOKchLz748Na7brp5z3Ovvvyo0wsYNHMCH7vl9kOXXn/tyN3PPHFGcfJ1InJNMZ5sfPylvVKv3/DW5QtPacYllh6BNRu2HHr7ysWDF/dtO6sXVdS1pJgboapFQF1LDzz//CuvnT//iWphiCfbG9/73l+dW7fud763desDylWra0k5P8JVhwBaqk6vqpDpVZtkkjdTuwvZ6/XOicht2dcaY36U475Ins6aF3zVx7MTWfUOepM/O5HetIJEhhNQ/8SfnUjvpcZOpPctij5B9XUpeqLxAphuJzLLja/4iFdFuSrHRObCxeDRBDCRqMNzAuoXa5hIzzvOcVbvG0SCfOcoGlAjgIlUQ0kgNwKYSDdOjJpIABM5EREDyiWAiSyXfxmzsxNZBnXmzENAfV3KMzljgyKgZyJXiIXjrCsEV9mXYSIr2zrfEsdE+tYR8hkgoH6xxk6k9xrDRHrfougTVF+XoicaLwBMZLy9L6lyTGRJ4MObFhMZXk8Dq0j9Yg0T6b1CMJHetyj6BNXXpeiJxgsAExlv70uqHBNZEvjwpsVEhtfTwCpSv1jDRHqvEEyk9y2KPkH1dSl6ovECwETG2/uSKsdElgQ+vGmrYiLNf93xgpikFl4Hwqoo2fitDytXpH6xholU7pB+OEykPlMi6hJQXZfMN7Z8QnrJft0UiaZOwMjZ5FPP/6Fy3OlMZLPZvEdEnhWRm2xixph97Xb7QI4kuScyB6wghmIig2ijD0VUykT25Os+MCOHEQSS5Mlk47dyf9XVBJ6qF2t2Lkyk9wrGRHrfougTVF2XUhP5JUmSVvRkfQXQ631QJHnDKxO5sLCwttvtnhCR/a1W60JqKE+KyA77syNLTKQjqGCGYSKDaWXZhVTQRP5V2cyYf6SJfBETiToUCGAiFSASolACRZnIPyg0a4KvnECv1/TORA5WY01lp9M5LSJncuxGYiJXLotqvhITWc2+eZg1JtLDplQ1pSTBRFa1d37ljYn0qx9k8/MEMJGxqaIKJnJ+fv7WXq93zhizp91un3LsESbSEVQwwzCRwbSy7EIwkWV3IKD5MZEBNbPUUjCRpeJncgcCmEgHSEENqYKJbDab9mirtFqtXTngYyJzwApiKCYyiDb6UAQm0ocuBJIDJjKQRpZeBiay9BaQwAQCmMjYJOK7ibQG0hizfm5u7v6jR4++kaM/mMgcsIIYiokMoo0+FIGJ9KELgeSAiQykkaWXgYksvQUkgIlEA+8g4KuJ7N8HmSTJlYEdyHUiUndo4yYROe8wzmnIiw8+vPWum27e89yrLz/q9AIGzZzAx265/dCl1187cvczT5xRnNzq7ZpiPNn4+Et7pV6/4a3LF57SjEssPQJrNmw59PaViwcv7tt2Vi+qqGupc2H7n1353//nxOX/+ebfKOZJKEUC9//T93wv2fitWxVD2lDqWnrg+edfee38+U8o50k4JQI3vve9vzq3bt3vfG/r1geUQvbDqGrpF3/xfe86uOPv/5dyjoRTJnC91/0v/+prc7+pHFZVS3+5b+Nv/Nr6G//wuUuvc92t3CitcJtvX/O7i4vJm7/8mR/+kVbMTJyr9r9X9GjzFR5hzdbATmQBHfU6JDuRXrenSsmxE1mlbnmeKzuRnjeoMulVYifyscfMu265KtdrPflQZchGlmhP5IOmLv9y/snEbrZo/sNxVk2aVYjl405k/0E6InJblmHO74rERFZBgJo5YiI1aUYdCxMZdft1i8dE6vKMNxomMt7eq1aOiVTFGXcwH02kUkcwkUogKxMGE1mZVvmeKCbS9w5VKD9MZIWa5XWqmEiv21Od5DCR1emV95liIt1aZBp/8knpLT4mieFLT92QzX4UJnL2zAOdERMZaGPLKAsTWQb1EOfERIbY1RJqwkSWAD3UKTGRbp3FRLpxKnUUJrJU/CFNjokMqZsl14KJLLkBwUyPiQymleUWgoksl39Qs2Mi3dqJiXTjVOooTGSp+EOaHBMZUjdLrgUTWXIDgpkeExlMK8stBBNZLv+gZsdEurUTE+nGqdRRmMhS8Yc0OSYypG6WXAsmsuQGBDM9JjKYVpZbCCayXP5Bze6ziWw0GnuTJNlvgRtjHmq326dywOfBOjlgBTEUExlEG30oAhPpQxcCyQETGUgjSy8DE1l6C8JIABMZRh+9qMJXE9loNLYnSXK4Vqtt7vV660XkpIjsaLVaFxzBYSIdQQUzDBMZTCvLLgQTWXYHApofExlQM0stBRNZKv5wJsdEhtPL0ivx2ETaXcg7W63WroWFhbWdTue0iJxpt9sHHKFhIh1BBTMMExlMK8suBBNZdgcCmh8TGVAzSy0FE1kq/nAmx0SG08vSK/HVRDabzRPGmEt902h/trCsqXSEhol0BBXMMExkMK0suxBMZNkdCGh+TGRAzSy1FExkqfjDmRwTGU4vS6/ERxM5bOcRE1m6VPxPABPpf48qkiEmsiKNqkKamMgqdKkKOWIiq9ClCuSIiaxAk6qSoo8m0rIbsxP570RktQPfn4rI+xzGOQ356qZPfuh333fXQ4+++OzjTi9g0MwJHPrQfQ9/8+//5tRnXvjz/zzzyXNM+IF9Z35f3rVq1bUzrWdzvIyhMyRw267HHv7Jf/rmN//hxGP/bYbT5p7qtb/451/+wQvXzvzFC9dezv1iXjATAoce+bWHb/6N7/ybmUw2xSRbv/Odg5ePHeP9bQqGRb70H33wg7ff/Ou/ft8Pfuu3vNbSu999Y/3Lu/7HH//HC4+ipSIFMUXsO97zz27/J+/duvVf//tf+cIUYQp/6b/d9f6Nv3/vP/7tR7/139FS4bRXNsFntt56X/e66d7zpb/6DyuLMPJV50Xkqv1rspLA6ZNZp7kn8qMi8vxK5uY1EMgQeE9fyFCBwJQE0NKUAHn5MgG0hBi0CKAlLZLEQUtoQIvAspZWaiKnfTorJlKrlXHHYVGMu/+a1aMlTZpxx0JLcfdfs3q0pEkz7lhoKe7+a1Y/nYm0mUz5PZGYSM12xhuLRTHe3mtXjpa0icYbDy3F23vtytGSNtF446GleHuvXfn0JnLKjDCRUwLk5UsEWBQRghYBtKRFkjhoCQ1oEUBLWiSJg5bQgBYBTKQWSeKUSoBFsVT8QU2OloJqZ6nFoKVS8Qc1OVoKqp2lFoOWSsUf1OSYyKDaGW8xLIrx9l67crSkTTTeeGgp3t5rV46WtInGGw8txdt77coxkdpEiVcKARbFUrAHOSlaCrKtpRSFlkrBHuSkaCnItpZSFFoqBXuQk2Iig2xrfEWxKMbX86IqRktFkY0vLlqKr+dFVYyWiiIbX1y0FF/Pi6oYE1kUWeLOlACL4kxxBz0ZWgq6vTMtDi3NFHfQk6GloNs70+LQ0kxxBz1Z6SbywyLyl0EjprhZEPgVEXltFhMxR/AE0FLwLZ5ZgWhpZqiDnwgtBd/imRWIlmaGOviJlrWUBF8qBUIAAhCAAAQgAAEIQAACEICAGgFMpBpKt0CNRmNvkiT7B0cbYx5qt9un3KL8bJSNJSLb5ubm7j969OgbeV7L2GoTaDabJ0RkZ7YKY8y+drt9YGFhYW2n0zktIkfyaqraVMh+FIG+JpIkudJqtXb1x436fTaO1Zox5tLc3NxX0RUayxLI6Ofe/u/76xCkIOBCYMQ10U9F5L5Wq3XBJcakMY1GY7uIPMK10iRS1f37wDWRqn6qS6X4zDGRxTN+xwzDjJ9d4JIkOVyr1TYfO3bsFdeUMJGupMIbly6Y0jcEzWbzHhE5KSI7Vq9e/Xdc7IfX82krmp+fv7XX650zxuzpf7jgsoZgIqclH+br+3oSkfP9dWiYxsKsnqq0CIy6JtI0fZhIrW75F2fYB6Hp9dCzxpjdfJBebM8wkcXy/bnowxbM9I33+yLyafvJ2+Cnu9ldytRwfltE7Cct9oJwLZ+uzbiJHkw3aCKzu49zc3M/6JtIu/MkIl+r1Woftx9QDL6ZZvQkxpgfoSUPmltgCtkPrOw0vV5ved3pv/GKyE0i8uP+h1qjTOSw8YuLix/pX/zZ+KkOz9gd8nT8shYLLJPQMyAw6gOIdGfpTmss03Vqg4h8oL9Dmd0xyO5ajnrf6+vGGPPTJEmWdjxXcnJnBkiYYgUEhukou1b0er2v2JMQg6ds0vc2+8HpkiRqtdrDvV7vy0mSnDfGNNJrpKXdzMH3vVEaXEH6vKRkAqM+IMj+vtvt3pF+yN7Xymb7XpUkib2W/pmA0tOAqTbWishm+16YvS7KfHB2m/19kiT2vXLpun3U+2fJeAqfHhNZOOJ3TuCyE5k1COlF33F7tCONtPTpSsYoCBf+M26iB9ON2IlcukBftWrVmy4mMrOwLu9eDh539KBUUlAkkPmw4UySJHf2L84Gd5BS47jeri3dbrc1eJy1Xq+/kO5qHk8Noj3yuj5Jkk8bY75Wr9eXjlovLi4+XavVLj355JPNdC3bkT1Oq1gaoWZIIKsj2/9RU2d1ZG+5yL7/pevP8m6Bw/ve4azWeN+bYcMLnGrENdHyrTr99WeEiczqx57GeVZEvm/XmGzcTqeztf/hVqfT+Vz/NqBBDRZYJqELItD/kHNwHcqezspeO9udyezf0g8Z3qE3EdlkP0Tt9Xrrrab6O5oDa5S9NW2PvTav1WpXsqd8Bte9gkr3IiwmcsZtmHT+f/BiLrvDlKa6fK6fIxozbp5H0424J3LpvtqsZsbtRGbfTNMLPO4b8ajHRaWS+cT0p/3dxsEj9cN2ArL3RA7qqv+m3Ov1/kWSJNZUHEnHbLO7ULVa7fPpjsJJjhcV1dnZxR123/XA7s7SqQZrAGxW9qJ+mPHsXwDW6/Xj2YuwIWvY0lH9YbtKs6uamYogMOKa6OdOQozZiVzSxaAxyJ7wsh9wWRNpP9yyH2yJyNLpCFvPKBNSRK3E1Ccwqn/Z/qezLq8hg1kM7FoOW7OOpB+cLp/cGdRX9pa0mE7dYCL1NT024uCnboM7Stnt8mwge+wn/Xn5QTqYyBk3z6PpxhxnPTPuYj+rGWsihzzkafnN26NySUWZwOAbb/ZYc2aqpYcT2IuvwZ1IOyb7pjnwhto/NWGHXazVavbnk8aYR0Rkv9bDMpSREC4HgXE7kYMXZINHEftHUjPT2d1q+yHDORG5bfB9L0kSu7s08kh+jrQZ6iGBSfdlZ9eqcR+QDl64jzORwzTICQkPxeGQUg4T+Y5bKQY/iO8fW52w871sRIeYyOWjsWnaUTzcBxPpIFLNIYMLZmbncelY2OD9kdm5h93PpnnzuWadxCqWwKCJtLP170VavXp1c8xx1uVjG6mJXLp3qdhsie4bgWEmctRaMuyeyFE7kXa3KDWYu+2/jTHHjTH3JUli7zG5c/Xq1bt4krRvalhZPmPuiVw+0TDqgmxwN3rc+96gOeDD05X1y9dX5TGR2ZNa49agwZ3JITuRPLncV0HkzCvHPZHv+CAq+yHopA++7MmaSTuRsV6LYyJzCnba4Xnvicw+ZSpzH9Ie7omcthPVfn3Oncih99Fm74lM33SX7mvjXqNqa8Ml+0ETOXiMPv1AYnd6X8jSgy2yO9yj7om02rl+/foae2TMPnTA3qNr7ysxxnwle4TMJUfG+E1gwtNZ/yF7P23/6GD2/c/qZPC+Wltx+kCepfvb7L1Ikx4O5jclsptEwNFELr0v2Xsb7cNQ7ENQRphIq5mle2dd7okc1OCkXPm7fwRcns467IOovonMPENi6fki4z74cr0nMvv+mecbF/yjOzkjTORkRqojhi2Yg/8TDHlK3dL3/6W7TfbrQPrb5vbCjE/3VTtUjWDD7okUkacH7j1a+rQ1c8+JPV7xNWPMR/pGceAYI0dZq9H+qbMcdgRo4Olyy0dx8jydtf+GmX2zHbfLNHUhBCidwJBjYcvvVyN0lv2O26U1yxYx6n2PncjSW1xoApNM5MAtPt+zT6TP3HO9vLs05Cm+y+9n457O2n/fLLRIghdOYGAdesdR0sE1ZGCt+am9Xcw+FC790HPo04DttVRWi0mStI0xm0Y8nTWKo6y2qZjIwqXNBBCAAAQgAAEIQAACRRGI6WEmRTEkrjuBlX6/u/sM1RiJiaxGn8gSAhCAAAQgAAEIQGAIAUwksiiSwOBJiez3kBY5r++xMZG+d4j8IAABCEAAAhCAAAQgAAEIeEQAE+lRM0gFAhCAAAQgAAEIQAACEICA7wQwkb53iPwgAAEIQAACEIAABCAAAQh4RAAT6VEzSAUCEIAABCAAAQhAAAIQgIDvBDCRvneI/CAAAQhAAAIQgAAEIAABCHhEABPpUTNIBQIQgAAEIAABCEAAAhCAgO8EMJG+d4j8IAABCEAAAhCAAAQgAAEIeEQAE+lRM0gFAhCAAAQgAAEIQAACEICA7wT+H9UAsposDjT2AAAAAElFTkSuQmCC