data:image/png;base64,iVBORw0KGgoAAAANSUhEUgAABPQAAADICAYAAABvTr+qAAAeDElEQVR4nO3df4ik930f8Ke4RxvoXyk0xW36Ky0HvTR4T5Uit0tzdsFanx3V9CS5aiVVK1nfb1BRlUuKaVzQ6Jw7y+A6VcHnu0kalOgcERQIdKgkOCqFy/1TytpcKQiVa6F/NFNc/VeEoKXw9A8/c3r20ezufOaZm2e/u68XvPHuzuzs2Jl3ZuZ9z8xUFQAAAAAAAAAAAAAAAAAAAAAAAAAAAAAAAAAAAAAAAAAAAAAAAAAAAAAAAAAAAABUVVXVT/3qi4c9Q/9vBAAAAACHRv30xbp+6uL40Obpi/V+1z/nvJ1z3qmqqkopTVJKo8h//5TSZkqpTinVOeftzs8+dlkppelefyOlNJ5dFwAAAAC4K+qnL9b1V75+z6HNAYNeSmmUUhpXVVXlnHdmo9yiUkqjeSNcc1k7nZ9tp5T2vD4GPQAAAADuulIHvZTSeHZkXTd7nH/SOs+4+dmo9bNp5/yj7mU1lzFZ4LIme/3NqvpoGGxls9//FQEAAAA4Nkod9Gaal8Butl96O+c8d8a52ctpWy+vHXXHvNbv1e0j/mZj3T6XNW69/Hc8u9w555u2/76j+gAAAABY2BEY9Gbj2mh2ZFxXznmnfYTc7Ci71u/NHfSa39t1vgMu686g15xvtMf59nwfPgAAAADYV6mDXuQlt82AFh702qfNhrwDLqt9hN50znWbtH7PS24BAAAAiCt10KuqxT8QY9kj9FLr025nw9uyR+jt99/BS24BAAAAWFjhg95kNprt9WEYzWkfew+91u/tOehV1Z1hrm4debffZc19D73m+ztH9rWPyjPoAQAAABBS+KB34AditM479xNnDxr0Wi/t7b4f3p6fXtsa9drna7/ctv2JuPu+RyAAAAAA7FLyoAcAAAAAx45BDwAAAAAKUj99sa6fujg+tDHoAQAAAMBH6qd+9cXDnqH/NwIAAAAAAAAAAAAAAAAAAAAAOIxSStOUUp1SqnPOO+3Tcs7bs9NSSpOhriMAAAAAUFVVSmmSUhq3vp92vq9zztut00ZDXE8AAAAAYI5m4Js0X49SStPWaePuEXwAAAAAwIByzjuzI/S6A1534AMAAAAABpRSGqeU6vb3Bj0AAAAAOISasa5OKW22fmbQAwAAAIDDpntkXuvne72H3omqqj65QM4teD4R+Sgbh+A6iJQWvRGJR29E4tEbkXj0RmS57O+go+56fsrtucB5gR85uLhAl95AnN5AnN5AnN5A3EKD3rR5qe2dtF9mm3Pebp02CV4Bgx7EucODOL2BOL2BOL2BOL2BuMF7Y9CDuMGLCwXSG4jTG4jTG4jTG4gbvDcGPYgbvLhQIL2BOL2BOL2BOL2BuMF7Y9CDuMGLCwXSG4jTG4jTG4jTG4gbvDcGPYhbe3HP/EH9x//qm7f/hMgq8vDr9SfWfRuuDsEdHhRIbyBObyBObyBu8N4Y9CBu7cW955X/9fDPvvr+/xbpm/tefb++97ff/9a6b8PVIbjDgwLpDcTpDcTpDcTFepNz3kkpjds/SymNfcotrNUgg969r/5w/LO/9f49Ir3y6g9/2aAHxdAbiNMbiNMbiFu8N82YV7cHvZzzdvOzzaqqqubrUeAKGPQgzqAn5cagByXRG4jTG4jTG4hbrDezIS+lNG0PeimlUUppOvt+3hF8BzDoQZxBT8qNQQ9KojcQpzcQpzcQF+vNnEFv0xF6sHYGPSk3Bj0oid5AnN5AnN5AXL9Br/nZbNSrc87bwStg0IM4g56UG4MelERvIE5vIE5vIK73EXrjOS+5nVRVdaK58INybsHzichH2Vj33zx16WY6ffX2tZPnX9sS6ZONl29d2Lj83pXj0BuRIxC9EYlHb0Ti0RuR5bK4OYPepP3Jtt331FuAI/QgLlbcFXCEnqwsjtCDkugNxOkNxOkNxPUe9PY6Qm9RBj2IM+hJuTHoQUn0BuL0BuL0BuL6DXrNzyaz99ALHp1XVQY9WIZBT8qNQQ9KojcQpzcQpzcQN3hvDHoQZ9CTcmPQg5LoDcTpDcTpDcQN3huDHsQZ9KTcGPSgJHoDcXoDcXoDcYP3xqAHcQY9KTcGPSiJ3kCc3kCc3kDc4L0x6EGcQU/KjUEPSqI3EKc3EKc3EDd4bwx6EGfQk3Jj0IOS6A3E6Q3E6Q3ExXqTc97pfsptznm79Sm3dfAKGPQgzqAn5cagByXRG4jTG4jTG4hbvDfNmFd3B72UUp1z3m6+HqeUJoErYNCDOIOelBuDHpREbyBObyBObyBusd7MhryU0rQ96KWURsEBr8ugB3EGPSk3Bj0oid5AnN5AnN5AXKw3cwa9STP0zV5yOw1eAYMexBn0pNwY9KAkegNxegNxegNxKxn06pTSZlXdeVmul9zC3WXQk3Jj0IOS6A3E6Q3E6Q3ErWTQm7S+HzVH6Z1oLvygnFvwfCLyUTbW/TdPXbqZTl+9fe3k+de2RPpk4+VbFzYuv3flOPRG5AhEb0Ti0RuRePRGZLksbs6gN84577S+HwVfdusIPYiLFXcFHKEnK4sj9KAkegNxegNxegNxvQe9zfZLbrunL8CgB3EGPSk3Bj0oid5AnN5AnN5AXL9Br6qqKue8PftQjPbRegsy6EGcQU/KjUEPSqI3EKc3EKc3EDd4bwx6EGfQk3Jj0IOS6A3E6Q3E6Q3EDd4bgx7EGfSk3Bj0oCR6A3F6A3F6A3GD98agB3EGPSk3Bj0oid5AnN5AnN5A3OC9MehBnEFPyo1BD0qiNxCnNxCnNxA3eG8MehBn0JNyY9CDkugNxOkNxOkNxMV6k3Pe6X7K7UxKaZRSqoNXwKAHcQY9KTcGPSiJ3kCc3kCc3kDc4r1pxrx6n0GvNujBWhj0pNwY9KAkegNxegNxegNxi/VmNuSllKbzBr2U0mQ2+AWvgEEP4gx6Um4MelASvYE4vYE4vYG4WG/mDXo55+2U0rT5T4Me3H0GPSk3Bj0oid5AnN5AnN5AXP9BbzbmGfRgbQx6Um4MelASvYE4vYE4vYG4foNe8zLcSVXdOVJvNuidaC78oJxb8Hwi8lE21v03T126mU5fvX3t5PnXtkT6ZOPlWxc2Lr935Tj0RuQIRG9E4tEbkXj0RmS5LK476LU+KGNXAhfpCD2IixV3BRyhJyuLI/SgJHoDcXoDcXoDcf0GvTYvuYW1MehJuTHoQUn0BuL0BuL0BuIMelAgg56UG4MelERvIE5vIE5vIG7w3hj0IM6gJ+XGoAcl0RuI0xuI0xuIG7w3Bj2IM+hJuTHoQUn0BuL0BuL0BuIG741BD+IMelJuDHpQEr2BOL2BOL2BuMF7Y9CDOIOelBuDHpREbyBObyBObyBu8N4Y9CDOoCflxqAHJdEbiNMbiNMbiIv1Jue80/2U2+aTb+uUUp1z3gleAYMexBn0pNwY9KAkegNxegNxegNxi/emGfPq9qCXUpp0vp92B78DGPQgzqAn5cagByXRG4jTG4jTG4hbrDezIe+gwa4Z+CaBK2DQgziDnpQbgx6URG8gTm8gTm8gLtabgwa9eS/JPYBBD+IMelJuDHpQEr2BOL2BOL2BuNUNes0RfHXwChj0IM6gJ+XGoAcl0RuI0xuI0xuIW82gl1IaNS/L3Wx+dKK58INybsHzrSxvPPDY1of/+MV3RFaRP/qHX/3mum/DVVVtrPtvnrp0M52+evvayfOvbYn0ycbLty5sXH7vynHojcgRiN6IxKM3IvHojchyWdy8QW/JI/Nm1n6EXv30i/fVX7k4qb9y8VGRXnnqwov1UxffXPdtuIoWdwUcoScriyP0oCR6A3F6A3F6A3H9Br3myLxpjysw4KD39XtE+uXiowY9kWAMelASvYE4vYE4vYG43oPetHmp7Z3knHcCF2nQk4Jj0BMJx6AHJdEbiNMbiNMbiBu8NwY9KTgGPZFwDHpQEr2BOL2BOL2BuMF7Y9CTgmPQEwnHoAcl0RuI0xuI0xuIG7w3Bj0pOAY9kXAMelASvYE4vYE4vYG4wXtj0JOCY9ATCcegByXRG4jTG4jTG4iL9SbnvNP+UIzmZ9utD8WYBK+AQU8KjkFPJByDHpREbyBObyBObyBu8d40Y17dHfSaT7bdbr6eppRGgStg0JOCY9ATCcegByXRG4jTG4jTG4hbrDezIa8Z7Matn49SStPW9+Oc807gChj0pOAY9ETCMehBSfQG4vQG4vQG4mK9mTPo7RrwugPfAgx6UnAMeiLhGPSgJHoDcXoDcXoDcQY9keVj0BMJx6AHJdEbiNMbiNMbiLtrg96J5sIPyrkFz7eyXN96/OwHT75w/Y0HHtsS6ZN3H3r+2Q+fGL297ttwVVUb6/6bpy7dTKev3r528vxrWyJ9svHyrQsbl9+7chx6I3IEojci8eiNSDx6I7JcFuc99ETacYSeSDiO0IOS6A3E6Q3E6Q3E9Rv0mp/5lFs5pjHoiYRj0IOS6A3E6Q3E6Q3E9R/0cs7bzafg1imlSfAKGPSk4Bj0RMIx6EFJ9Abi9Abi9AbiBu+NQU8KjkFPJByDHpREbyBObyBObyBu8N4Y9KTgGPREwjHoQUn0BuL0BuL0BuIG741BTwqOQU8kHIMelERvIE5vIE5vIG7w3hj0pOAY9ETCMehBSfQG4vQG4vQG4gbvjUFPCo5BTyQcgx6URG8gTm8gTm8grn9vUkpjn3IrxzMGPZFwDHpQEr2BOL2BOL2BuH69yTlvN0PeZlVVVfP1KHARBj0pOAY9kXAMelASvYE4vYE4vYG4fr1JKY1SStPZ9znnnZTSOHARBj0pOAY9kXAMelASvYE4vYE4vYG43oPepiP05PjGoCcSjkEPSqI3EKc3EKc3ELeS99CbjXp1znk7+OsGPSk4Bj2RcAx6UBK9gTi9gTi9gbjeR+iN57zkdlJV1Ynmwg/KuQXPt7Jc33r87AdPvnD9jQce2xLpk3cfev7ZD58Yvb3u23BVVRvr/punLt1Mp6/evnby/GtbIn2y8fKtCxuX37tyHHojcgSiNyLx6I1IPHojslyWl1KatD/ZtvueegtwhJ4UHEfoiYTjCD0oid5AnN5AnN5AXO9Bb68j9BZl0JOCY9ATCcegByXRG4jTG4jTG4jr35vmKL26SeTovKoy6EnRMeiJhGPQg5LoDcTpDcTpDcQN3huDnhQcg55IOAY9KIneQJzeQJzeQNzgvTHoScEx6ImEY9CDkugNxOkNxOkNxA3eG4OeFByDnkg4Bj0oid5AnN5AnN5A3OC9MehJwTHoiYRj0IOS6A3E6Q3E6Q3EDd4bg54UHIOeSDgGPSiJ3kCc3kCc3kBc/97knLdbn3JbB3/doCcFx6AnEo5BD0qiNxCnNxCnNxDXvzcppTrnvN18PU4pTQK/btCTgmPQEwnHoAcl0RuI0xuI0xuI69eblNIoOOB1GfSk4Bj0RMIx6EFJ9Abi9Abi9Abieg96k+aovNlLbqfBizDoScEx6ImEY9CDkugNxOkNxOkNxK1k0KtTSptVVVU55x0vuZXjE4OeSDgGPSiJ3kCc3kCc3kDcSga9Sev7UXOU3onmwg/KuQXPt7Jc33r87AdPvnD9jQce2xLpk3cfev7ZD58Yvb3u23BVVRvr/punLt1Mp6/evnby/GtbIn2y8fKtCxuX37tyHHojcgSiNyLx6I1IPHojslyWl1Ia55x3Wt+Pgi+7dYSeFBxH6ImE4wg9KIneQJzeQJzeQFzvQW+z/ZLblNI0pTQOXIRBTwqOQU8kHIMelERvIE5vIE5vIK5/b3LO27MPxWgfrbcgg54UHIOeSDgGPSiJ3kCc3kCc3kDc4L0x6EnBMeiJhGPQg5LoDcTpDcTpDcQN3huDnhQcg55IOAY9KIneQJzeQJzeQNzgvTHoScEx6ImEY9CDkugNxOkNxOkNxA3eG4OeFByDnkg4Bj0oydp78/kbNz539ubNfyqyivz9t9/+i+u+DVfub2AZegNxg/fGoCcFx6AnEo5BD0qy9t6cvXHjt79448bvnH3nnW+L9MkXbtzY2Xrnnb+77ttw5f4GlqE3ELe63qSURimlOvhrBj0pOAY9kXAMelCSQQa9L7zzTvrCO+/cI9InX7xx43cMelAMvYG4lQ56tUFPjlcMeiLhGPSgJAY9KTYGPSiK3kDcanqTUprknHcMenK8YtATCcegByUx6EmxMehBUfQG4vr3Jue8nVKaNv9p0JNjFIOeSDgGPSiJQU+KjUEPiqI3ENe/N7Mxz6Anxy8GPZFwDHpQEoOeFBuDHhRFbyCuX29SSuOU0qSq7hypNxv0TjQXflDOLXi+leX61uNnP3jyhetvPPDYlkifvPvQ889++MTo7XXfhquq2lj33zx16WY6ffX2tZPnX9sS6ZONl29d2Lj83pXj0BuRI5C19+Zzb775e5/53ve+eu9LL22J9MnWW2/9/v3f+c4jx6E3IkcgeiOyXJY3e9+8bgIX4Qg9KTiO0BMJxxF6UJK198YRerKqOEIPiqI3ELe63njJrRy/GPREwjHoQUkMelJsDHpQFL2BOIOeyPIx6ImEY9CDkhj0pNgY9KAoegNxg/fGoCcFx6AnEo5BD0pi0JNiY9CDougNxA3eG4OeFByDnkg4Bj0oiUFPio1BD4qiNxA3eG8MelJwDHoi4Rj0oCQGPSk2Bj0oit5A3OC9MehJwTHoiYRzjAa9+vuPPFP/4JG3RFaThz+97ttwZdCTgmPQg6KstTd1Xf2x+pUzb4msLL/26R9b52240b83KaVpSqlOKdU5553grxv0pOAY9ETCOU6D3q0v//N658vfrn/wyKMiPTOp/9M/eHrdt+HKoCcFx6AHRVnvoPf6w5+oXzlT17/12UdFeueVz/xR/fqnf3ydt+FGv96klCYppXHr+2n7+wUY9KTgGPREwjlug973H3mx/v7D94j0ys6Xv23QE4nFoAdFGWjQ+8w9Ir3zys/9lyIHva5m4JsEfsWgJwXHoCcSjkFPJB6Dnkg4Bj0oikFPys1RGfRyzjuO0JPjE4OeSDgGPZF4DHoi4Rj0oCgGPSk3R2HQSymNU0p18NcMelJwDHoi4Rj0ROIx6ImEY9CDohj0pNyUPuillEbNB2NsBn/VoCcFx6AnEo5BTyQeg55IOAY9KIpBT8pNyYPeHkfmnWgu/KCcW/B8K8v1rcfPfvDkC9ffeOCxLZE+efeh55/98InR2+u+DVdVtbHuv3nq0s10+urtayfPv7Yl0icbL9+6sHH5vSvHoTf/4/qD3/if1x/89hv/enNLpE/e//dfGv/Xf/eFXz4Ovfncm2/+3me+972v3vvSS1sifbL11lu/f/93vvPIcejN5af/z3++8sz/+6HIKvLg3/61v3nUe/PJH/+xn6xfOVO/cf5ntkT65v/+m7/z3577/J/96wP05pNVH82RedMeF+EIPSk4jtATCccReiLxOEJPJJzjdITeONU/uPp0/fO/8ZX6jEif/Poz9c53n6pPrvs2XK25N47Qk5Wm1CP0UkrT5qW2d5Jz3glchEFPCo5BTyQcg55IPAY9kXCO6aB3j0if/Poz9R8Y9ESCKXXQWwGDnhQcg55IOAY9kXgMeiLhGPRE4jHoiSwRg976GPRkdTHoiYRj0BOJx6AnEo5BTyQeg57IEjHorY9BT1YXg55IOAY9kXgMeiLhGPRE4jHoiSwRg976GPRkdTHoiYRj0BOJx6AnEo5BTyQeg57IEjHorY9BT1YXg55IOAY9kXgMeiLhGPRE4jHoiSyRkge9nPN261NuJ8FfN+hJwTHoiYRj0BOJx6AnEo5BTyQeg57IEil50Esp1Tnn7ebraUppFPh1g54UHIOeSDgGPZF4DHoi4Rj0ROIx6IkskVIHvZTSKKU0bX0/zjnvBC7CoCcFx6AnEo5BTyQeg55IOAY9kXgMeiJLpOBBb9eA1x34FmDQk4Jj0BMJx6AnEo9BTyQcg55IPAY9kSVi0Fsfg56sLgY9kXAMeiLxGPREwjHoicRj0BNZIkdw0PtTVVWdWSAb1Y9GvbXl3F8+9U/+8Oefef3Rn/rp50T65Fc+9XNf+w8P/sK/XfdteIj8ub/3S//i5C+++pt/+v4vPSfSJ3/hsZe++deef+Xq0LfpdeRf/dKnvvG737jvu49+/s8/J9Inv/uN+777rV/8mYtD36bXkXsvXfqNv/H889/85Gc/+5xIn9z7rW9d+8mzZ88PfZteR772pf84+fynfuVr9/3Uo8+J9Mk/e/APX//pv/TFXxj6Nn2384lPVA/993/5t3Yevf8nnhPpm1tfv/etv/Jn/uQ/GuC2PPh76J3pdQXgeFr7v/zCEaA3EKc3EKc3EKc3EDf4p9ye6X0F4PhxhwdxegNxegNxegNxegNx/XuTc95OKdVNJsFfP9P7CsDx4w4P4vQG4vQG4vQG4vQG4gbvzZmhrwAUaPDiQoH0BuL0BuL0BuL0BuIG782Zoa8AFGjw4kKB9Abi9Abi9Abi9AbiBu/NmaGvABRo8OJCgfQG4vQG4vQG4vQG4gbvzZmhrwAUaPDiQoH0BuL0BuL0BuL0BuIG782Zoa8AFGjw4kKB9Abi9Abi9Abi9AbiBu/NmaGvABRo8OJCgfQG4vQG4vQG4vQG4gbvzf1DXwEo0E8MfQWgQHoDcXoDcXoDcXoDcXoDAAAAAHBo5Zx3Ukr1nGwuc3kppTrnvL3q6wmHRUpp2u3L7DafUtrs0x8oXUppmnPemffzlNJk3u/knLdTSnX3aziO5jwuGw99neAw2uM5zHTVf8dzG46KlNKk05fR0NcJ6Km5M9z1YDGlNJn3hGwR7vQ46pphYtT6fjQbIAx68KP7gTkd2fNJlkEPfmTe8G3Ug/n2eg6z1z8eLctzG46Cpi93Hou1nrO4f4GS7XFnOOo+oWofldS9U2ut/BN3ehx1cwa9OyPevK9nfZg3VKziqFg4bLr3IbMetPpRt0/fb9Db63faPZzzOxMPUClNSmk8b/hu+jRuvp62jkqa3f7bRyntOtpir9Nmw2H78dvd/u8Hq7bXc5jZQQnt2333H1yb+6Wd1v1T3XRwXl92PbfZ7zkRHEZ7/WNp++ezA3ra9wndo2BnvzcbzlunTTuXO/u9abennZ6574G+FjlCrznPpDlt1xO1eae5c+MomzPo3Tn6KDLoNZcze5I294kclGp235JaR0t0nlzduZ85YNBr92TSeqI2bl3uuHnQuN36HQM5RZn3eKwrdV7SPq9HrcFiv9Oms/uc7mlQinmdaf/soEGvPSa0R4k5fWk/ltvzOREcViml8V6vvmuN2pPO469x5/5m1+OxOX2adW00p0vj1mm7/sE3edkv9LPXe+i1z9N9oNceNLoDnkGPoy4t+B56+w16s9M6l6s7HBmtLrSHunkv9djca9Db52i9zZzzdmus2GkeJI6a8xjHKU53nJh3ZET7CdXs+/b9RmfM2Pe0zuW4/6E4857DdAaIgwa90bzzNt/Pfa6z33MiOKzSPi9Fn92G0wFvudW5D5l38M+4+/W83+vc9+w5NAILmnMYbPcObdfLnVqZPXH62GHoHhRylHUfvLV7sOig1/oXq7nDIBwFnQdxoz3uS/Yc9NLH/yX3Y0/IWn9ns3mgONrrQSscZnsdodfuwbwhbk7GC5xm0KN4Bx3V2mfQ6x7pN+9tI9rPie7ef0vob7/hrHX7/tigt899yFKD3kEjPLCEOaX72Esvut+3zRn0PCjkSOsOelW16+WF896jZaEj9OCo6TyI23WEXud84SP0Wpd/Z8CbvRTKfRAlSvu/h95CR+h1fm/f0wx6lG6BQe/O47XooJcWPEIPShB5D73ZaalzVN/dOEIPWIEl3kNvs3PH1n5PI++hx5HXHfTSHkfoNaftes+wzjgxTbvHDg8SOVL2OwK8PVJE3kMv7X7Z7mg26rX+npfbUqzUeY+85mf7veS2+wRs7vtUzjnNoEfxFhz02u9VvO+gt897Tu71Hnofe6USHFbdx0it5yz7jXSzfzDtvhfenoNemv/e4nPfQ6/9N4Al7fMSjzp1/hV49qAydY5Omp02+38U7tg4yjpd6B6C3h302i8z3DXoNad7uS1H1pxBr/typdmRduFPuW2f1voHJu/FQvFS2vXJgfMei837EICPnXe/0wx6HAUHDXqdtzfZ8038Z9+3+7Lfq4/2e04Eh9mc+5d2B7oj3XarDzvtx1j7DXqt7+t0wKfceswGAAAALM04B3eHfzACAAAA7gqDHqzGfkeZAwAAAAAAAAAAAAAAAAAAAAAAAAAAAAAAAAAAAAAAAAAAAAAAAAAAQMn+P29gGWJmBRCLAAAAAElFTkSuQmCC