data:image/png;base64,iVBORw0KGgoAAAANSUhEUgAABMcAAANICAYAAADD0ojUAAAAAXNSR0IArs4c6QAAAARnQU1BAACxjwv8YQUAADaJSURBVHhe7d0PjBzXfR/wnSXdqIUMVbZYlXLttHEVWO4fWSXpGooIJ4ryp3CoRhCqOiqE9hTvymlQNGrToKgVk6xio41sJwHqBtyrjrHkArIj1alkG4haRxbIKDZDKgESBbLVtLAg8qwwVWUnsUOL5PS92benJW+Pezz5Vjf8fT7Au/fmzXIpAfPjzH73zVwHAAAAAAAAAAAAAAAAAAAAAAAAAAAAAAAAAAAAAAAAAAAAAAAAAAAAAAAA2qYqPQBAq9Rzd+8pww2r2v+zG/6/EQAgOuEYANBK9Y//XJ0MyuaGU1VVv7r3LtdaAAAbnAs2AKCVcjjWqU5vL5sbT909fK5wrN/vz6XuJweDwfZer/dwVVVH0njvcO906c/sywFcXdeL8/PzV5Tp/L6Hc5/ft5koyuu3nT0/bjWvAQC40HRLDwDAbL2prusjeVBVVQ63ns3j1cohVur2jAdjxSOpbev3+9cNN5fsSi3vAwBgjJVjAEArtXXl2GjFV9k8w2AwmPT6vKosB1udfBvp/Pz8HWV1WA7HlubyeCTtr1O3Z7QSraxSWxi9/2g7j0crz9Lc7rTZPCMtzT2S5m6c9Lo8Hp8vdqb3PljGAACtYuUYAMAM5SArh1Q5bEqbO1O7PbV8S+WyYCwHVjkYK/t25lAtB1NpO4eCRyYFY1kOt1JrwrMsjW/Kc2Uzy8FWDs/SW1bHcgCXxnvz+6X5IyUYyyvP8utuH39d2s7v94HRfOpzoPaLeR4AoI2EYwAAr4KqqrYOhqut8u2Vx4azy+wqgVVeVXYwB1yp3dTsOYf03kdSa1abZXmc2qfyOAdu6T0WcxjW7Ox0Pjr+2jHfn1oO7fYPN5e97k35R36f1DyjDABoLeEYAMAM5dsq+8PbHnNQ1dz+mEOn0dy4uq7Pfp7YqoyCr/Sec2NhWBNyrfY9y+vys8vq8t+2dBtlub1yz2hfamc/3wwAoDWEYwAAM1Rug9xT1/Ugybcl5ofyj25RPENVVSutKFuNfNtlXmV2xoP4V/ue5XXN7Z7jbbh3+Hy0su22SgCg1YRjAAAzVtf1trGQatvg5VsXz/ZIel3z8P68OiuN8+2RzW+4XIX8Z3Mwlv+u+4dTw1VlaXtrer/8AP7sJ1Ob9J6fSy2vHMsP329WvKXW/DdbLQYAXEiEYwAAs5ef0fW5EjytGHblIKuu60dyGJU2D5TVZqNnhU2Tw60sr/46+zdJ5l8C0NwWmVyR9jfPDKuq6gupy4HY4fJn8usW8uvSvn65nTLLq8UOlP+u/GB/zxwDAFpr2fJ9AIA2qH/85+pOdXrjhjJ193B1712utQAANjgXbABAK+VwLK+kKpsbTl5pJRwDANj4XLABAK1Uz92db+3b0Kr9P7vh/xsBAAAAAAAAAAAAAAAAAAAAAAAAAAAuZCs+kL/f78+lbmG41dgzGAz2lnGn1+sdq6pqax6neQ/2BwAAAKB1uqWfJAdjO0vwdXtqe/r9/nV5R6/Xezh1h/O+/CvU0/zhPA8AAAAAbbJiOJaDr9QOlvH+ZrLTuTL/qKpqV2qfKuP7U7dtFJwBAAAAQFuca+XYkrHg65nxcf4xCtCSJjgDAAAAgLZYVThW1/UnU3tkLAgDAAAAgNab+iD90fPEBoPB9rKdV44dSC0/j6wJy9JcferUqd699977mbw9xbWpPTEcAmMuT+354RAo1AVMpjZgOXUBk6kNWNli6VeWfyNlefj+GXIYllr+bZZNWFa2V/vMsZtLD5yp+e2vwBnUBUymNmA5dQGTqQ2YbKk2Vrytsj9cMfbI/Pz8jcOZl+VbLFO7qYxvS90Rt1wCAAAA0DYTb6ssq8IWhltn2DMYDPbmQV5VVlVVk7Kluam3Z47JK8ceGg6BMbmepi/phFjUBUymNmA5dQGTqQ2Y7FWtDbdVwmS5MIEzqQuYTG3AcuoCJlMbMNlSbazqt1UCAAAAwIVIOAYAAABAWMIxAAAAAMISjgEAAAAQlnAMAAAAgLCEYwAAAACEJRwDAAAAICzhGAAAAABhCccAAAAACEs4BgAAAEBYwjEAAAAAwhKOAQAAABCWcAwAAACAsIRjAAAAAIQlHAMAAAAgLOEYAAAAAGEJxwAAAAAISzgGAAAAQFjCMQAAAADCEo4BAAAAEJZwDAAAAICwhGMAAAAAhCUcAwAAACAs4RgAAAAAYQnHAAAAAAhLOAYAAABAWMIxAAAAAMISjgEAAAAQlnAMAAAAgLCEYwAAAACEJRwDAAAAICzhGAAAAABhCccAAAAACKsq/SzdnNpDwyEwZmtqi8Ph+nvrJ3//L3Q6f6tswer9wS3Vt8pwFmZaF9AiagOWUxcwmdqAyZZqQzgGG8dMT1o77jv+ZNWp/2bZhFWqXnvooss2d26pTpWJ9eZiDiZTG7CcuoDJ1AZMtlQbwjHYOGZ60srh2KaTJ3fX3c3HyhRMVXfrxw5dtOVS4Ri86tQGLKcuYDK1AZMt1YZnjgEAAAAQlnAMAAAAgLCEYwAAAACEJRwDAAAAICzhGAAAAABhCccAAAAACEs4BgAAAEBYwjEAAAAAwhKOAQAAABCWcAwAAACAsIRjAAAAAIQlHAMAAAAgLOEYAAAAAGEJxwAAAAAISzgGAAAAQFjCMQAAAADCEo4BAAAAEJZwDAAAAICwhGMAAAAAhCUcAwAAACAs4RgAAAAAYQnHAAAAAAhLOAYAAABAWMIxAAAAAMISjgEAAAAQlnAMAAAAgLCEYwAAAACEJRwDAAAAICzhGAAAAABhCccAAAAACEs4BgAAAEBYwjEAAAAAwpoajvX7/etSq3NfpsbnmlamAQAAAKBVzhmOlUDswHDrZXVdfzK1QVKl/pH0usNlFwAAAAC0xorhWL/f3526HIztaSbGVFW1NbUvlPGRuq6vaHYAAAAAQIusGI4NBoO9eWVYGj47nDlDDsTekQep31ZV1bFmFgAAAABaJIdf59Tv9+dSt5DazsFgcLCZTMqtlNvybZXz8/M3pvFrUrss75vi2tSeGA6BMZen9vxwuP62LRx99KXnnr7nxIvHZ/Z30n6XXH39g4fuvOaqzgtHT5Wp9TbTuoAWURuwnLqAydQGrGwx/zjvcCxtj55Ddnva3l9uv9xTVpmtxs2pPTQcAmO2ptYU5izsuO/4k5tOntxddzdb+cmq1d36sUMXbbm0c0s1q3BspnUBLaI2YDl1AZOpDZhsqTam/rbKCa7MP3IwVvq9uS8hGgAAAAC0xlrCsWfyj1EYVlaOLYVlAAAAANAW5x2ODYbPHbs9tYV+v1+nPv82y7wNAAAAAK2y2ueEfTt55hhMNtNnAXjmGGvhmWOwYagNWE5dwGRqAyZbqo213FYJAAAAABcE4RgAAAAAYQnHAAAAAAhLOAYAAABAWMIxAAAAAMISjgEAAAAQlnAMAAAAgLCEYwAAAACEJRwDAAAAICzhGAAAAABhCccAAAAACEs4BgAAAEBYwjEAAAAAwhKOAQAAABCWcAwAAACAsIRjAAAAAIQlHAMAAAAgLOEYAAAAAGEJxwAAAAAISzgGAAAAQFjCMQAAAADCEo4BAAAAEJZwDAAAAICwhGMAAAAAhCUcAwAAACAs4RgAAAAAYQnHAAAAAAhLOAYAAABAWMIxAAAAAMISjgEAAAAQlnAMAAAAgLCEYwAAAACEJRwDAAAAICzhGAAAAABhCccAAAAACEs4BgAAAEBYwjEAAAAAwhKOAQAAABCWcAwAAACAsIRjAAAAAIQlHAMAAAAgLOEYAAAAAGEJxwAAAAAISzgGAAAAQFjCMQAAAADCEo4BAAAAEJZwDAAAAICwhGMAAAAAhCUcAwAAACAs4RgAAAAAYQnHAAAAAAhLOAYAAABAWMIxAAAAAMISjgEAAAAQlnAMAAAAgLCEYwAAAACEJRwDAAAAICzhGAAAAABhCccAAAAACEs4BgAAAEBYwjEAAAAAwhKOAQAAABCWcAwAAACAsIRjAAAAAIQlHAMAAAAgLOEYAAAAAGEJxwAAAAAISzgGAAAAQFhTw7F+v39danXuy1Sj1+sdK/O57S7TAAAAANAa5wzHSiB2YLj1sl6v93DqDg8Ggyr1O1Pbk+cBAAAAoE1WDMfKarAcjC0Lvqqq2jU/P39jHg8Gg4MlJAMAAACAVlkxHBsMBntL6PXscGao3+/P1XW9mFePlVsqc5sruwEAAACgNaau+CrB10JqO/MqsdF2XdeD+fn5O9J2XmG2J+37C6m/LLVprk3tieEQGHN5as8Ph+tv28LRR1967ul7Trx4fGZ/J+13ydXXP3jozmuu6rxw9FSZWm8zrQtoEbUBy6kLmExtwMoW8481h2NlVVkjzdWpuz3N7R/OnNPNqT00HAJjtqbWFOYs7Ljv+JObTp7cXXc3HytTMFXdrR87dNGWSzu3VLMKx2ZaF9AiagOWUxcwmdqAyZZqY+pvq5zgmfyjf9ZvrwQAAACAtjnvcCyvHkvdkbqub8vbvV5vX34G2SpXjQEAAADAhrGWlWM5INueul35dsqqqvqp3TLcAwAAAADtMfWZY+vAM8dgspk+C8Azx1gLzxyDDUNtwHLqAiZTGzDZUm2saeUYAAAAAFwIhGMAAAAAhCUcAwAAACAs4RgAAAAAYQnHAAAAAAhLOAYAAABAWMIxAAAAAMISjgEAAAAQlnAMAAAAgLCEYwAAAACEJRwDAAAAICzhGAAAAABhCccAAAAACEs4BgAAAEBYwjEAAAAAwhKOAQAAABCWcAwAAACAsIRjAAAAAIQlHAMAAAAgLOEYAAAAAGEJxwAAAAAISzgGAAAAQFjCMQAAAADCEo4BAAAAEJZwDAAAAICwhGMAAAAAhCUcAwAAACAs4RgAAAAAYQnHAAAAAAhLOAYAAABAWMIxAAAAAMISjgEAAAAQlnAMAAAAgLCEYwAAAACEJRwDAAAAICzhGAAAAABhCccAAAAACEs4BgAAAEBYwjEAAAAAwhKOAQAAABCWcAwAAACAsIRjAAAAAIQlHAMAAAAgLOEYAAAAAGEJxwAAAAAISzgGAAAAQFjCMQAAAADCEo4BAAAAEJZwDAAAAICwhGMAAAAAhCUcAwAAACAs4RgAAAAAYQnHAAAAAAhLOAYAAABAWMIxAAAAAMISjgEAAAAQlnAMAAAAgLCEYwAAAACEJRwDAAAAICzhGAAAAABhCccAAAAACEs4BgAAAEBYwjEAAAAAwhKOAQAAABCWcAwAAACAsIRjAAAAAIQlHAMAAAAgrKnhWL/fvy61Ovdl6gxl3+6yCQAAAACtcc5wrARiB4Zby/V6vYfLEAAAAABaZ8VwrKwGy8HYnmbiLGn/XOq213W9OJwBAAAAgHZZMRwbDAZ7U6vS8NnhzJnquv5AVVXvK5sAAAAA0DpreiB/r9fbl7rDg8Fg/3AGAAAAANonrww7p3L75EJqOweDwcHRc8jKqrIclB2rqmpf2v5g2rwsz01xbWpPDIfAmMtTe344XH/bFo4++tJzT99z4sXjM/s7ab9Lrr7+wUN3XnNV54Wjp8rUeptpXUCLqA1YTl3AZGoDVtY8Kmwt4Vh+Ftmk55DtSfv3lvG53JzaQ8MhMGZrajN7ht+O+44/uenkyd11d/OxMgVT1d36sUMXbbm0c0s1q3BspnUBLaI2YDl1AZOpDZhsqTbO+7bKHIDlVWOjVh7Iv9pgDAAAAAA2jDU9cwwAAAAALgRTb6tcB26rhMlmutzZbZWshdsqYcNQG7CcuoDJ1AZMtlQbVo4BAAAAEJZwDAAAAICwhGMAAAAAhCUcAwAAACAs4RgAAAAAYQnHAAAAAAhLOAYAAABAWMIxAAAAAMISjgEAAAAQlnAMAAAAgLCEYwAAAACEJRwDAAAAICzhGAAAAABhCccAAAAACEs4BgAAAEBYwjEAAAAAwhKOAQAAABCWcAwAAACAsIRjAAAAAIQlHAMAAAAgLOEYAAAAAGEJxwAAAAAISzgGAAAAQFjCMQAAAADCEo4BAAAAEJZwDAAAAICwhGMAAAAAhCUcAwAAACAs4RgAAAAAYQnHAAAAAAhLOAYAAABAWMIxAAAAAMISjgEAAAAQlnAMAAAAgLCEYwAAAACEJRwDAAAAICzhGAAAAABhCccAAAAACEs4BgAAAEBYwjEAAAAAwhKOAQAAABCWcAwAAACAsIRjAAAAAIQlHAMAAAAgLOEYAAAAAGEJxwAAAAAISzgGAAAAQFjCMQAAAADCEo4BAAAAEJZwDAAAAICwhGMAAAAAhCUcAwAAACAs4RgAAAAAYQnHAAAAAAhLOAYAAABAWMIxAAAAAMISjgEAAAAQlnAMAAAAgLCEYwAAAACEJRwDAAAAICzhGAAAAABhCccAAAAACEs4BgAAAEBYwjEAAAAAwhKOAQAAABCWcAwAAACAsIRjAAAAAIQlHAMAAAAgrKnhWL/fvy61OvdlqtPr9faVuVFb2gcAAAAAbXHOcKyEXgeGW0Npbi51uwaDQZVbXdeD1D453AsAAAAA7bFiONbv93enLgdje5qJYjAY7J+fn7+ibHaqqvpCalvLJgAAAAC0xorh2GAw2JtXhqXhs8OZFb2pruvFMgYAAACA1nhFD+Qvt13uqapq33AGAAAAANojrww7p/KMsYXUdg4Gg4PNZJH21fmZY/Pz83ekzdekdlmz49yuTe2J4XD9/ea73vM9b7vsDf+8bMKq/ebx//XhH/zsf32ybM7C5ak9Pxyuv20LRx996bmn7znx4vGZ/Z203yVXX//goTuvuarzwtFTZWq9zbQuoEXUBiynLmAytQEra+6EXFM4VlaMNc8jy7df5rnzcHNqDw2H66+eu/uGelMn/z98ejgDq/Jjnar6te78XfnYn5X87L6Z3aK8477jT246eXJ33d18rEzBVHW3fuzQRVsu7dxSzSocm2ldQIuoDVhOXcBkagMmW6qNtYZjdepuT9v78/Z5elXCsapTf6RMwVT1qe6tnc2dp4RjcCbhGGwYagOWUxcwmdqAyZZq47yfOdbr9UbPF1vIIdlYy6vJAAAAAKA1pq4cWwdWjrHhWTkGk1k5BhuG2oDl1AVMpjZgsqXaeEW/rRIAAAAA2kw4BgAAAEBYwjEAAAAAwhKOAQAAABCWcAwAAACAsIRjAAAAAIQlHAMAAAAgLOEYAAAAAGEJxwAAAAAISzgGAAAAQFjCMQAAAADCEo4BAAAAEJZwDAAAAICwhGMAAAAAhCUcAwAAACAs4RgAAAAAYQnHAAAAAAhLOAYAAABAWMIxAAAAAMISjgEAAAAQlnAMAAAAgLCEYwAAAACEJRwDAAAAICzhGAAAAABhCccAAAAACEs4BgAAAEBYwjEAAAAAwhKOAQAAABCWcAwAAACAsIRjAAAAAIQlHAMAAAAgLOEYAAAAAGEJxwAAAAAISzgGAAAAQFjCMQAAAADCEo4BAAAAEJZwDAAAAICwhGMAAAAAhCUcAwAAACAs4RgAAAAAYQnHAAAAAAhLOAYAAABAWMIxAAAAAMISjgEAAAAQlnAMAAAAgLCEYwAAAACEJRwDAAAAICzhGAAAAABhCccAAAAACEs4BgAAAEBYwjEAAAAAwhKOAQAAABCWcAwAAACAsIRjAAAAAIQlHAMAAAAgLOEYAAAAAGEJxwAAAAAISzgGAAAAQFjCMQAAAADCEo4BAAAAEJZwDAAAAICwhGMAAAAAhCUcAwAAACAs4RgAAAAAYQnHAAAAAAhLOAYAAABAWMIxAAAAAMISjgEAAAAQ1tRwrN/vX5danfsy1ej1esfKfF2mAAAAAKBVzhmOlUDswHDrZb1e7+HUHR4MBlVd14P0usPDPQAAAADQHiuGY/1+f3fqcjC2p5kYU1XVrtQ+Vcb3p25bCdIAAAAAoDVWDMcGg8HevDIsDZ8dzgyNhWDP5B/pNQebrU7nytIDAAAAQCvk8Ouc+v3+XOoWUtuZg7ASjuUVZc126vNr6lOnTvXuvffez+TtKa5N7YnhcP19cdcdO9/yui3vfuKrX9lXpmCqHa9/401fO33iS29+4MMPlKlZuDy154fD9bdt4eijLz339D0nXjw+s7+T9rvk6usfPHTnNVd1Xjh6qkytt5nWBbSI2oDl1AVMpjZgZYv5x7ctHEvd7Wl7f96e4ubUHhoO1189d/cN9abOXNWpP1KmYKr6VPfWzubOU935u/KxPytbU2sKcxZ23Hf8yU0nT+6uu5uPlSmYqu7Wjx26aMulnVuqWYVjM60LaBG1AcupC5hMbcBkS7Ux9bdVnm0UiCXNbZQlLMua2ywBAAAAoC3OOxzL6rp+JLWbyvi21B0ZC80AAAAAoBXWFI7Nz8/fmLrt+XbKqqr6g8Fg+3APAAAAALTH1HAsP0csterslWHz8/NXlPmpzy0DAAAAgI1oTSvHAAAAAOBCIBwDAAAAICzhGAAAAABhCccAAAAACEs4BgAAAEBYwjEAAAAAwhKOAQAAABCWcAwAAACAsIRjAAAAAIQlHAMAAAAgLOEYAAAAAGEJxwAAAAAISzgGAAAAQFjCMQAAAADCEo4BAAAAEJZwDAAAAICwhGMAAAAAhCUcAwAAACAs4RgAAAAAYQnHAAAAAAhLOAYAAABAWMIxAAAAAMISjgEAAAAQlnAMAAAAgLCEYwAAAACEJRwDAAAAICzhGAAAAABhCccAAAAACEs4BgAAAEBYwjEAAAAAwhKOAQAAABCWcAwAAACAsIRjAAAAAIQlHAMAAAAgLOEYAAAAAGEJxwAAAAAISzgGAAAAQFjCMQAAAADCEo4BAAAAEJZwDAAAAICwhGMAAAAAhCUcAwAAACAs4RgAAAAAYQnHAAAAAAhLOAYAAABAWMIxAAAAAMISjgEAAAAQlnAMAAAAgLCEYwAAAACEJRwDAAAAICzhGAAAAABhCccAAAAACEs4BgAAAEBYwjEAAAAAwhKOAQAAABCWcAwAAACAsIRjAAAAAIQlHAMAAAAgLOEYAAAAAGEJxwAAAAAISzgGAAAAQFjCMQAAAADCEo4BAAAAEJZwDAAAAICwhGMAAAAAhCUcAwAAACAs4RgAAAAAYQnHAAAAAAhrTeFYv9+/LrV61Mo0AAAAALTKmsKxuq4/mdogqVL/SL/fP1x2AQAAAEBrrCkcq6pqa2pfKOMjdV1f0ewAAAAAgBZZ6zPHciD2jjxI/baqqo41swAAAADQIlXpz1u5lXJbvq1yfn7+xjR+TWqX5X1TXJvaE8Ph+vvirjt2vuV1W979xFe/sq9MwVQ7Xv/Gm752+sSX3vzAhx8oU7NweWrPD4frb9vC0Udfeu7pe068eHxmfyftd8nV1z946M5rruq8cPRUmVpvM60LaBG1AcupC5hMbcDKFvOP8w7H+v3+dak7kNrtg8Fgf9rencZ78vPH8v5VuDm1h4bD9VfP3X1DvakzV3Xqj5QpmKo+1b21s7nzVHf+roUyNQtbU2sKcxZ23Hf8yU0nT+6uu5ut/GTV6m792KGLtlzauaWaVTg207qAFlEbsJy6gMnUBky2VBtrua3yyvwjB2Ol35v7fr8/l3sAAAAAaIu1hGPP5B+jMKysHFsKywAAAACgLc47HBsMBgdTd3tqC/1+v079nrINAAAAAK2ypt9WmVeJpVaNNavGAAAAAGidNYVjAAAAAHAhEI4BAAAAEJZwDAAAAICwhGMAAAAAhCUcAwAAACAs4RgAAAAAYQnHAAAAAAhLOAYAAABAWMIxAAAAAMISjgEAAAAQlnAMAAAAgLCEYwAAAACEJRwDAAAAICzhGAAAAABhCccAAAAACEs4BgAAAEBYwjEAAAAAwhKOAQAAABCWcAwAAACAsIRjAAAAAIQlHAMAAAAgLOEYAAAAAGEJxwAAAAAISzgGAAAAQFjCMQAAAADCEo4BAAAAEJZwDAAAAICwhGMAAAAAhCUcAwAAACAs4RgAAAAAYQnHAAAAAAhLOAYAAABAWMIxAAAAAMISjgEAAAAQlnAMAAAAgLCEYwAAAACEJRwDAAAAICzhGAAAAABhCccAAAAACEs4BgAAAEBYwjEAAAAAwhKOAQAAABCWcAwAAACAsIRjAAAAAIQlHAMAAAAgLOEYAAAAAGEJxwAAAAAISzgGAAAAQFjCMQAAAADCEo4BAAAAEJZwDAAAAICwhGMAAAAAhCUcAwAAACAs4RgAAAAAYQnHAAAAAAhLOAYAAABAWMIxAAAAAMISjgEAAAAQlnAMAAAAgLCEYwAAAACEJRwDAAAAICzhGAAAAABhCccAAAAACEs4BgAAAEBYwjEAAAAAwhKOAQAAABCWcAwAAACAsNYcjvV6vWP9fr8ubXeZBgAAAIDWWFM41uv1Hk7d4cFgUKV+Z2p78jwAAAAAtMmawrGqqnbNz8/fmMeDweBgCckAAAAAoFXOOxzr9/tzdV0v5tVjY7dVzpXdAAAAANAaa105tjV1i2XFWL6lciHPAwAAAECbnPftkGWV2ML4rZR59dipU6d6995772fK1Llcm9oTw+H6++KuO3a+5XVb3v3EV7+yr0zBVDte/8abvnb6xJfe/MCHHyhTs3B5as8Ph+tv28LRR1967ul7Trx4fGZ/J+13ydXXP3jozmuu6rxw9FSZWm8zrQtoEbUBy6kLmExtwMoW84+1hGPXpe5Aajvz88bKXJ2629P2/rw9xc2pPTQcrr967u4b6k2duapTf6RMwVT1qe6tnc2dp7rzd81yVWSzInM4XH877jv+5KaTJ3fX3c3HyhRMVXfrxw5dtOXSzi3VrMKxmdYFtIjagOXUBUymNmCypdo479sqSyB2pK7r2/J2r9fbl59BtspgDAAAAAA2jDU9c2wwGGxP3a68Yqyqqn5qtwz3AAAAAEB7rCkcy+bn568YDAZVac3tlQAAAADQJmsOxwAAAACg7YRjAAAAAIQlHAMAAAAgLOEYAAAAAGEJxwAAAAAISzgGAAAAQFjCMQAAAADCEo4BAAAAEJZwDAAAAICwhGMAAAAAhCUcAwAAACAs4RgAAAAAYQnHAAAAAAhLOAYAAABAWMIxAAAAAMISjgEAAAAQlnAMAAAAgLCEYwAAAACEJRwDAAAAICzhGAAAAABhCccAAAAACEs4BgAAAEBYwjEAAAAAwhKOAQAAABCWcAwAAACAsIRjAAAAAIQlHAMAAAAgLOEYAAAAAGEJxwAAAAAISzgGAAAAQFjCMQAAAADCEo4BAAAAEJZwDAAAAICwhGMAAAAAhFWVfpZuTu2h4XD91XN331Bv6sxVnfojZQqmqk91b+1s7jzVnb9roUzNwtbUFofD9bfjvuNPbjp5cnfd3XysTMFUdbd+7NBFWy7t3FKdKlPrbaZ1AS0y09r4od/4jR/a3O1+Z9mEVfvTul54/Pu+72TZXG/OGTCZ2oDJlmpDOAYTCMdgMuEYbBgzrY13Pf74Z1P3/+qTJ786nIFV6HZ73de+9q9+evv2b5SZ9eacAZOpDZhsqTaEYzCBcAwmE47BhjHT2sjhWH369P1VXX+5TMF03e7D1cUXXykcg1ed2oDJlmrDM8cAAAAACEs4BgAAAEBYwjEAAAAAwhKOAQAAABCWcAwAAACAsIRjAAAAAIQlHAMAAAAgLOEYAAAAAGEJxwAAAAAISzgGAAAAQFjCMQAAAADCEo4BAAAAEJZwDAAAAICwhGMAAAAAhCUcAwAAACAs4RgAAAAAYQnHAAAAAAhLOAYAAABAWMIxAAAAAMISjgEAAAAQlnAMAAAAgLCEYwAAAACEJRwDAAAAICzhGAAAAABhCccAAAAACEs4BgAAAEBYwjEAAAAAwhKOAQAAABCWcAwAAACAsIRjAAAAAIQlHAMAAAAgrFccjvX7/Tq13WUTAAAAAFrjFYVjvV7v4TIEAAAAgNZZczjW7/fnUre9ruvF4QwAAAAAtMuaw7G6rj9QVdX7yiYAAAAAtM6awrFer7cvdYcHg8H+4QwAAAAAtE9V+lXr9/vXpe7AYDBo/myv1ztWVdW+tP3BtHlZnpvi2tSeGA7X3xd33bHzLa/b8u4nvvqVHOjBqux4/Rtv+trpE1968wMffqBMzcLlqT0/HK6/bQtHH33puafvOfHi8Zn9nbTfJVdf/+ChO6+5qvPC0VNlar3NtC6gRWZaGz/86KMf/8bi4kPfXFz8wzIFU215+9s/dvj977/2jw4e/GaZWm/OGTCZ2oCVNY8KW0s4ln8z5Z7h1hn2DAaDvWV8Ljen9tBwuP7qubtvqDd15qpO/ZEyBVPVp7q3djZ3nurO37VQpmZha2oze4bfjvuOP7np5MnddXfzsTIFU9Xd+rFDF225tHNLNatwbKZ1AS0y09p41+OPf7Y+ffr+qq6/XKZgum734erii6/89Pbt3ygz6805AyZTGzDZUm2c922VOQDLq8ZGrTyQf7XBGAAAAABsGGt+ID8AAAAAtN0rDsfm5+evsGoMAAAAgDaycgwAAACAsIRjAAAAAIQlHAMAAAAgLOEYAAAAAGEJxwAAAAAISzgGAAAAQFjCMQAAAADCEo4BAAAAEJZwDAAAAICwhGMAAAAAhCUcAwAAACAs4RgAAAAAYQnHAAAAAAhLOAYAAABAWMIxAAAAAMISjgEAAAAQlnAMAAAAgLCEYwAAAACEJRwDAAAAICzhGAAAAABhCccAAAAACEs4BgAAAEBYwjEAAAAAwhKOAQAAABCWcAwAAACAsIRjAAAAAIQlHAMAAAAgLOEYAAAAAGEJxwAAAAAISzgGAAAAQFjCMQAAAADCEo4BAAAAEJZwDAAAAICwhGMAAAAAhFWVfpZuTu2h4XD91XN331Bv6sxVnfojZQqmqk91b+1s7jzVnb9roUzNwtbUFofD9bfjvuNPbjp5cnfd3XysTMFUdbd+7NBFWy7t3FKdKlPrbaZ1cfp3//F3d07Xv1Q2YfVOVb/Q3fGJR8vWLMy0Nt71+OOfrU+fvr+q6y+XKZiu2324uvjiKz+9ffs3ysx6m2ldQIvMtDbq/e/8t3VdvbNswqpVF29+d3XL//xa2ZyFpdoQjsEEwjGY7IIPx5688a2dznd8NA0HwxlYhar+kU530+92r/7EPWVmFmZaG8Ix1kQ4BhvFbK+nfuWdH6rqzp/WVfdLZQqmO316T+c1F31v97Zfn+W/40u1IRyDCYRjMFmUcCxd0P10mYLV2FVv7v6ZcAzOIhyDjWK211O/8s4Pdepqsaqqz5cpmO706X31ay7a9WqFY545BgAAAEBYwjEAAAAAwhKOAQAAABCWcAwAAACAsIRjAAAAAIQlHAMAAAAgLOEYAAAAAGEJxwAAAAAISzgGAAAAQFjCMQAAAADCEo4BAAAAEJZwDAAAAICwhGMAAAAAhCUcAwAAACAs4RgAAAAAYQnHAAAAAAhLOAYAAABAWMIxAAAAAMISjgEAAAAQlnAMAAAAgLCEYwAAAACEJRwDAAAAICzhGAAAAABhCccAAAAACEs4BgAAAEBYwjEAAAAAwhKOAQAAABCWcAwAAACAsIRjAAAAAIQlHAMAAAAgLOEYAAAAAGGtKRzr9Xr7+v1+PdauK7sAAAAAoDXOOxzr9/tzqds1GAyq3Oq6HqT2yeFeAAAAAGiP8w7HBoPB/vn5+SvKZqeqqi+ktrVsAgAAAEBrfDueOfamuq4XyxgAAAAAWuMVhWPlWWN7qqraN5wBAAAAgPaoSr8m+WH8+Zlj8/Pzd6TN16R2WbPj3K5N7YnhcP19cdcdO9/yui3vfuKrXxHgsWo7Xv/Gm752+sSX3vzAhx8oU7NweWrPD4frb9vC0Udfeu7pe068eHxmfyftd8nV1z946M5rruq8cPRUmVpvM62LT/zH7d994zvf9MHP//bxf1+mYKq/95ZLf+Bbdf3NN/7gI/+5TM3CTGvjhx999OPfWFx86JuLi39YpmCqLW9/+8cOv//91/7RwYPfLFPrbaZ18aN//0NX/NDf/anPlE1YtT/95vP/5d98/A0fLZuzMNPa+OP/9D3v/+a3Tv/R7z/3ZzP73E/7fd9b/vLPf+h/LP7Tu371mVl/Pm3uhFxTOFZWjB1Ibc9gMNjbTK7ezak9NByuv3ru7hvqTZ25qlN/pEzBVPWp7q2dzZ2nuvN3LZSpWcjP7pvZLco77jv+5KaTJ3fX3c3HyhRMVXfrxw5dtOXSzi3VrMKxmdbF6SdvfGun8x0frerOT5cpWI1d9ebun3Wv/sQ9ZXsWZlob73r88c/Wp0/fX9X1l8sUTNftPlxdfPGVn96+/RtlZr3NtC5+sV+/6S/Wnf/WPe2cweqd7HS+t9ut/9Id892fKVOzMNvrqV9554c6dbVYVdXnyxRMd/r0vvo1F+3q3vbrMztWk6XaWOttlTkYu30NwRgAAMCFo+r8iaattlXd+k/KkQNsIOcdjvV6vdHtiQv5tsqxlleTAQAAAEBrnHc4lp8vNhgMqgntYHkJAAAAALTCK/ptlQAAAADQZsIxAAAAAMISjgEAAAAQlnAMAAAAgLCEYwAAAACEJRwDAAAAICzhGAAAAABhCccAAAAACEs4BgAAAEBYwjEAAAAAwhKOAQAAABCWcAwAAACAsIRjAAAAAIQlHAMAAAAgLOEYAAAAAGEJxwAAAAAISzgGAAAAQFjCMQAAAADCEo4BAAAAEJZwDAAAAICwhGMAAAAAhCUcAwAAACAs4RgAAAAAYQnHAAAAAAhLOAYAAABAWMIxAAAAAMISjgEAAAAQlnAMAAAAgLCEYwAAAACEJRwDAAAAICzhGAAAAABhCccAAAAACEs4BgAAAEBYwjEAAAAAwhKOAQAAABCWcAwAAACAsIRjAAAAAIQlHAMAAAAgLOEYAAAAAGEJxwAAAAAISzgGAAAAQFjCMQAAAADCEo4BAAAAEJZwDAAAAICwhGMAAAAAhCUcAwAAACAs4RgAAAAAYQnHAAAAAAhLOAYAAABAWMIxAAAAAMISjgEAAAAQlnAMAAAAgLCEYwAAAACEJRwDAAAAICzhGAAAAABhCccAAAAACEs4BgAAAEBYwjEAAAAAwhKOAQAAABCWcAwAAACAsIRjAAAAAIQlHAMAAAAgLOEYAAAAAGEJxwAAAAAISzgGAAAAQFjCMQAAAADCEo4BAAAAEJZwDAAAAICw1hyO9Xq9Y/1+v86tTAEAAABAq6wpHOv1eg+n7vBgMKjquh70+/3Dwz0AAAAA0B5rCseqqtqV2qfK+P7Ubev3+9flbQAAAABoi/MOx8ZCsGfyj8FgcLDZ6nSuLD0AAAAAtEJV+lUr4diB1HaOgrH83LETJ078xMc+9rGn8/YUL6b2XcPh+vuXV73jzf/ou/7OOz769G89VqZgqh/7G1e/7Stff/H4vzj0md8uUxecv/0fDv7kC1946LE//+r/yTUJq/Kd/+Tn3vs7/3rHns63vnm6TF1Qbrj2r7zuF/7V2979wXv/4NfKFEz1D3f+tbecruv61vd98YK91vieX/7l2/7v7/3eU197+umvlimY6qr3vvefHXjPe+556etff6lMXVDe8Lq3XfzeH/hk/5HDux8oUzDVd1/x/X/99a99w2W/9Nl/kB9VdEH61Z946w2nOtXp//47f7yafAAa/+5HvvNH37PwpY9/8X9/7etlahZ+K7XF4fA85XAsh2FjK8iacCy1ubI5zfeWHjjT1tIDL1MXMJnagOXUBUymNmCypdo479sqz76Nciwka26zBAAAAIC2WNMD+eu6fiS1m8r4ttQdGQvNAAAAAKAVzvuZYyO9Xu9YVVXNErTBYHA+75Nvq/z8cAiMyfW0tvud4cKlLmAytQHLqQuYTG3AZK9qbXjmGEyWCxM4k7qAydQGLKcuYDK1AZMt1caabqsEAAAAgAuBcAwAAACAsIRjAAAAAIQlHAMAAAAgrFcjHPvz0gNnOlV64GXqAiZTG7CcuoDJ1AZMpjYAAAAAAAAAAADCqkrPBabf79dluKSu68X5+fkryuaq9Xq9Y1VV7RsMBnvLFLROqondqdsz3FpyJB3X2/MgHecP5z7VyI25hwvJ2PF/ezrm9zeTydj8zjR/sJk8S3rNdak7kNrOdB65LZ0Pto3qBi4kY8f6uBVrAy5kK9RD/jwxSNdKd5TNVyz9PfkzyxnnJtio0ueFfek6qF82v+31wKvLA/kvbPlEU41ansgF3eyBgHJAPF4TafsKNUEE6Xjfmy/gUvtAmWqk7XxBtyft9+Gf0NIH9LnU5SBg6dopjXNwfKCEBBBVDoiXrp1yMFDqBULJX6Tn4//sehh9wU77WTl2gZr0LUwp6CvSXPONf3rN+EqapRU0WXptXi22NQ2P5AAhja0co9Xy8Z6DgPHVk6OTWV4tNj4u9ZMDg71pvLRqJm0fTNv5gnAhtTWvxoRXS/63PXWP5G850zh/+3nGKrBcB2luVx6n47v5NnS8BtLcGSvHVnj94TQ+cvafzfWT/8403pr2WaHJhjJeG8OZoXw8p+6nyr//+dxwJLVtqTXXWPnPpRrI10vZ0nXX2LHfSPOjLymbc81Y3TiPsCGd/e93M5mUmnhkuNVcKy19AT86P5TXZNvyuSHP5/NC6psVN2mca605D5S6amonjV1jsSGdox6W5lO7MrV8/DbniVwbaf/Zd640ny9G9ZKO8/w5uzmH5Nc3r0hKXTS1kvbn88X4+aXZV5zx38MrY+VYLNvziSkPUlHlk8/oVpozVtDkC7dUhMdKgX50VLBwAdqeju+mJlajnADzSS+foNIfrY6NPuhAG6Rj9n2ppUO5f13u09RPDfcMP9ikbnv5t39ned2KqwPSvt3pNbsmvD5fyOXwIPv+/AEn93kjz6f2qTyGjSIdt7ketqZ2f5lako7vXBNLHzzS8dxcH6WWP8jnAOBwqYF8TdV8qC/yh6UmOMgfbsprG+nvyR90muuv/PemffnDE2x4uVZSl/99/1wzcQ75s0U+xkeBczrW8zlndNzvOvu4L+/tGouNqrmeScfmGUFU3h6/zikeycdwOabHP2/nFfzjX8Dka6L3lX2L45/F03bzHmkzv/eStO9Yfp+x9/tk2cW3gXDswraQirIetXySGZ2gUiG9oxRdU+BpXy7G5lvMJK8IaL4RSvv3p9edUZTQVuk4zx9CzqiJdIyfz4rIfOLLqyxHKzJzeDyqG9jwyr/p+d/3A6lPmy9f5KVjOV+kNRdmeT6/LrWbmp2T7crvkQdnvf5zqW++7U99856j7SR/k+q5Mmxo6fxw3fi5YvwDejqex79Qycf3z+dBOq7zrcuL6fW7U5vL4zyX95XXbEvz+YNSls8jo9prVuiXMWxE+dbiphbyOLXV3oq/FAhn6Thf+tyRx6mNvkQZcY3FhpX/nU7HY15hvEyeP+vf8SY8zsd7avnLlNHn7TP+fPoz+TwxOt5zvTQLUvJxn1rzReLos3uWzyFpPq++b+Zyn7fzOad5Aa+YcOzC1nzzkvvh5ssrBJL8DWn+1mZ0slta7pmLrAwbaXviPwTQNuUktPScgLR9LB3/Z1y8nUs58eUPOKO6GV8lAK2Q/k1fdsGVleN7z+j4zueI4Z7JyuuXSbXVXASm98gXcXnlwN7U57rJF2+rXqkJr5Z8DI/OE2lz4jGbj+8yXAoO0nE+un56Ux6P5tN2DhSgrZpVL2Pt2/GYlcV8fijjhmssNrJ0vJ4dgC3J83l/2TxD/nJl7Jgev71yLfJtm/n807xfeU++jYRjAaSTWF4pcPayy8W03SzXHLX0Qakp+DR/xkqxXPBlCBeUdCLLIcHZ31wuq4GRcuLL32qOXyTmD0/QeuX4bm4DG7V0Xljx2WArXQgWOXQev8Ug19U7Ujd6Tg1sGOlYb26LSe22MjVV/jNlOCk4eDa/31nzua1mtQ20xbOlX4utqUbOOIe4xmKD+1w6RvOXHqMvRhp5O8+n4bJbjdO+ubSvefxEOZZfaTj2TP4xXh+lWZH/bSIcC2K0QmB0L3Mq1C/kYh0VeEm1Ryto8lLn5vWlqD1zjAtSOs7zLWATVwWkfaOwePzDUj7xjVbANPWU2rkCAmiNdKzn27uWVpPlY3t0zlhBfrZY83DlfC7J55TUmnpKfQ6e822XzXbqc53klWhTn1MDr4Z0zI6ex7f0HKQyXvYFyphcMz+TB7kGUsvf5M/lDyrpvZaeJZb7vC+P4UKTju1RWHDO1capJpb253FqZ19/ucZiw0r/rjePj0jDs1cC58dULN0yfJY3lb6RXnfGiv2V5PdLrXmsxeg8kpX/hqVnk+VayeeWsRrkFRKOBZJOQqMLv+bCLU3l9Lq5HSD1+YGzzW8fK/cv59vNUv01v/Z/YngAbZOO67OfOZa/zVn6TX0jY7WSa2MpHC4nvnybcvM8v/ya0YpLaLvyJcrhUX3k8eiLlUlSPeRnLOUHjefXjp5h1txuk/p8jsnPY2o+2KS+OY+UGoINJx+zqTXf7I/VQPMg5VQHE1dQptfn80f+zXxNDaSWV16OvsHPv7msea/cl224YORjPZ8D0nD0WWLaYyqOjGpr/HwxkrZdY7Gh5XNBPnZHx/HoWD7HOWL0LMrmtemYzp8vlq0+O1t+v/S65vFHyRlf0OSayLWR96XN0S+wcG0FAAAAG1n6IH+45zdPwnlLtdOsDiubrDMrxwAAAABeZfl24hyIja8Oa3YAAAAAAAAAAAAAAAAAAAAAAAAAAAAAAAAAAAAAAAAAAADANJ3O/wdcaVo8FBWvkwAAAABJRU5ErkJggg==