data:image/png;base64,iVBORw0KGgoAAAANSUhEUgAABPQAAADICAYAAABvTr+qAAAdnUlEQVR4nO3dYYicd34f8KdcjjZvU2jKtWnapkVQpeHWrh1fuzS6K5z3dBf3qGxf3diuVpL/T3BxHSXlaK7gsRzpfHC91IXTSZu0OLEuIjgQ6BLbIGoHRW9C2DtUCsZFLfRFs+Xqd8UYWgrTF/eM/OjxzO789hnNo9/O5wNfot2deXbuMt+b0VfPzFQVAAAAAAAAAAAAAAAAAAAAAAAAAAAAAAAAAAAAAAAAAAAAAAAAAAAAAAAAAAAAAFRVVY1P/dqL93qG/u8IAAAAAO4Z49Pnx+NT57fu2Zw+P97vP0MpZbuu683mz7ullPXIfwd1Xe+UUsallO32MUspu53LbZZSZt6e/X4OAAAAAL2NT58fj8+8dP89m/kGvdsj3kEGtWnXmYxz7XGwlLLVHv1mXSf6+wEAAABgbpkHvWbIG3dT1/XOjMu3L7M563ud429Nvm7O5BvNcazdab9zyjjY/tnooP8/BAAAAGCFZB70quqHZ8VNBrxSyqg9wLW1x7nmcrcHtmljXvP97fY4OLnOrGN1z9Cbdrnmz+udy93xNQAAAADMlH3Qa850m4xm29POdJsMZp0z5HbbZ9tNG/TaA91kONzrWN3Ld0e6yeWmHQMAAAAA5pJ50Jv3JbfTxrVmnJsMgVMHvdbvGE2Gw72ONW3Qm5KtGT/3klsAAAAA9pd50Kuq+T4Q46Bn6DU/267reqd1dl7kDL3dacec5/YBAAAAwFSZB73J+9lV1Z3vpTfjsuH30Jscd8oHXUTeQ2/UPk7zf0ed43kPPQAAAADmk3nQm/cDMSY6L8vdbH9/1qDXut72vMfqjHpTX1bbvN/fzE/YBQAAAICpMg96AAAAALByDHoAAAAAkMj49Pnx+NT5rXs2Bj0AAAAA+Mj41K+9eK9n6P+OAAAAAAAAAAAAAAAAAAAAAADuRaWU7VLKeJK6rjc7P99t/Xx9qNsJAAAAACuvlDKq63qn9fVWKWXc+nq7lLLd+tnuELcTAAAAAJihfZZe94y9aWfwAQAAAAADqet6c3KGXillvfsy2+blt6PhbiEAAAAAcFsz4G1V1UfjnkEPAAAAAO5B7TGv+doZegAAAABwr2kNdx8b6qa9h97p06fPVFX1qTlyYs7LichHWbsHboNItuiNSDx6IxKP3ojEozciB8veJmPerA+6qOt6p8en3J4IXBb4of2LC3TpDcTpDcTpDcTpDcTNNehtN2fndTNqXab9/fW9jtdh0IM4D3gQpzcQpzcQpzcQpzcQN3hvDHoQN3hxISG9gTi9gTi9gTi9gbjBe2PQg7jBiwsJ6Q3E6Q3E6Q3E6Q3EDd4bgx7EDV5cSEhvIE5vIE5vIE5vIG7w3hj0IG7pxT32h+Mf+Rtv3vqzIovIY6+PP7Hs+3B1DzzgQUJ6A3F6A3F6A3GD98agB3FLL+79r/6vx372tff/t0jfPPja++MHfvv9by77PlzdAw94kJDeQJzeQJzeQFysN6WUUSllt/O9dZ9yC0s1yKD3wGs/2PrZ33r/fpFeee0Hv2LQgzT0BuL0BuL0BuLm700z5o2nDHq7pZSt5s9b3Z/vw6AHcQY9yRuDHmSiNxCnNxCnNxA3X2/qut5phrtpZ+iN67rebC63WUoZB26AQQ/iDHqSNwY9yERvIE5vIE5vIK7/S26bsc8ZerA8Bj3JG4MeZKI3EKc3EKc3ENd/0Kuq26PeuK7rneANMOhBnEFP8sagB5noDcTpDcTpDcT1G/QmH4jRfcntyZMnjzUH3y8n5ryciHyUtWX/zqMXbpT7Lt+6cuTs1Q2RPll75ea5tYvvXVqF3ogcguiNSDx6IxKP3ogcLPObMuhNe0+93VLKaM5DOkMP4mLFXQBn6MnC4gw9yERvIE5vIE5vIK73oDf1DL3J13Mw6EGcQU/yxqAHmegNxOkNxOkNxPUb9KrqoxGvlXnPzqsqgx4chEFP8sagB5noDcTpDcTpDcQN3huDHsQZ9CRvDHqQid5AnN5AnN5A3OC9MehBnEFP8sagB5noDcTpDcTpDcQN3huDHsQZ9CRvDHqQid5AnN5AnN5A3OC9MehBnEFP8sagB5noDcTpDcTpDcQN3huDHsQZ9CRvDHqQid5AnN5AnN5AXP9PuW2+v9v6lNutwCENehBn0JO8MehBJnoDcXoDcXoDcfP3phnzxt1Br67rnfaI11xmfc7DGvQgzqAneWPQg0z0BuL0BuL0BuLm600z2u12z9ArpayXUsY9boBBD+IMepI3Bj3IRG8gTm8gTm8grt9Lbuu63mzGvu3WS25HgUMa9CDOoCd5Y9CDTPQG4vQG4vQG4voPeu0Rr/WyXC+5hbvHoCd5Y9CDTPQG4vQG4vQG4hYz6HUus3vmzJmXmoPvlxNzXk5EPsrasn/n0Qs3yn2Xb105cvbqhkifrL1y89zaxfcurUJvRA5B9EYkHr0RiUdvRA6W+c3zHnqT99qb85DO0IO4WHEXwBl6srA4Qw8y0RuI0xuI0xuI6zfoVdWdn3I7eclt4JAGPYgz6EneGPQgE72BOL2BOL2BuP6DXvP9yQdijOu63gwc0qAHcQY9yRuDHmSiNxCnNxCnNxA3eG8MehBn0JO8MehBJnoDcXoDcXoDcYP3xqAHcQY9yRuDHmSiNxCnNxCnNxA3eG8MehBn0JO8MehBJnoDcXoDcXoDcYP3xqAHcQY9yRuDHmSiNxCnNxCnNxA3eG8MehBn0JO8MehBJnoDcXoDcXoDcYv5lNvWz3dLKVuBQxr0IM6gJ3lj0INM9Abi9Abi9Abi5u9NM+aNZw16pZSt5ucGPbi7DHqSNwY9yERvIE5vIE5vIG6+3tR1vdOcfTf1DL1SynopZdxczqAHd5dBT/LGoAeZ6A3E6Q3E6Q3ELeYlt6WU3bquNw16sBQGPckbgx5kojcQpzcQpzcQ13/Qa15qu11Vt8/kM+jB3WXQk7wx6EEmegNxegNxegNx/Qa9yUttJ1+3Br1PNgffLyfmvJyIfJS1Zf/OoxdulPsu37py5OzVDZE+WXvl5rm1i+9dWoXeiByC6I1IPHojEo/eiBws85sy6E0+CKOb7TkP6Qw9iIsVdwGcoScLizP0IBO9gTi9gTi9gbh+g16Xl9zCUhj0JG8MepCJ3kCc3kCc3kCcQQ8SMuhJ3hj0IBO9gTi9gTi9gbjBe2PQgziDnuSNQQ8y0RuI0xuI0xuIG7w3Bj2IM+hJ3hj0IBO9gTi9gTi9gbjBe2PQgziDnuSNQQ8y0RuI0xuI0xuIG7w3Bj2IM+hJ3hj0IBO9gTi9gTi9gbjBe2PQgziDnuSNQQ8y0RuI0xuI0xuI6/8pt6WU7VLKeJK6rjcDhzToQZxBT/LGoAeZ6A3E6Q3E6Q3Ezd+bZswbtwe9Usqoruud1tdbpZRx4AYY9CDOoCd5Y9CDTPQG4vQG4vQG4ubrTV3XO6WU3Wln6HUFz9Iz6EGcQU/yxqAHmegNxOkNxOkNxPV/yW1bXdebztCDu86gJ3lj0INM9Abi9Abi9AbiFjvoNS/J3Qoc0qAHcQY9yRuDHmSiNxCnNxCnNxC3uEGvM+Z9sjn4fjkx5+UWljcefnLjw3/64jsii8if/pOvfmPZ9+GqqtaW/TuPXrhR7rt868qRs1c3RPpk7ZWb59YuvndpFXojcgiiNyLx6I1IPHojcrDMb8an3K43Y94odLAfWvoZeuPTLz44PnN+e3zm/BMivXLq3IvjU+ffXPZ9uIoWdwGcoScLizP0IBO9gTi9gTi9gbh+g95kzAt8CEbXgIPeS/eL9Mv5Jwx6IsEY9CATvYE4vYE4vYG43oPednN2Xjfznq1n0JPEMeiJhGPQg0z0BuL0BuL0BuIG741BTxLHoCcSjkEPMtEbiNMbiNMbiBu8NwY9SRyDnkg4Bj3IRG8gTm8gTm8gbvDeGPQkcQx6IuEY9CATvYE4vYE4vYG4wXtj0JPEMeiJhGPQg0z0BuL0BuL0BuL6fShG6/u7rQ/EWA8c0qAniWPQEwnHoAeZ6A3E6Q3E6Q3Ezd+bZswbdwe95pNut5s/b00b/PZg0JPEMeiJhGPQg0z0BuL0BuL0BuLm601d1zvNWXgfO0OvlDKu63pz1tf7MOhJ4hj0RMIx6EEmegNxegNxegNx/V5yW0pZ777MdjL8zXlIg54kjkFPJByDHmSiNxCnNxCnNxDXb9Cr63rToCerG4OeSDgGPchEbyBObyBObyDu7pyhd+bMmZeag++XE3NebmG5tvHU8Q9OvnDtjYef3BDpk3cfff7ZD58evb3s+3BVVWvL/p1HL9wo912+deXI2asbIn2y9srNc2sX37u0Cr0ROQTRG5F49EYkHr0ROVjm5z30RNpxhp5IOM7Qg0z0BuL0BuL0BuL6D3rNB2b4lFtZwRj0RMIx6EEmegNxegNxegNx/Qe95vvjVtanXXcGg54kjkFPJByDHmSiNxCnNxCnNxA3eG8MepI4Bj2RcAx6kIneQJzeQJzeQNzgvTHoSeIY9ETCMehBJnoDcXoDcXoDcYP3xqAniWPQEwnHoAeZ6A3E6Q3E6Q3EDd4bg54kjkFPJByDHmSiNxCnNxCnNxA3eG8MepI4Bj2RcAx6kIneQJzeQJzeQFz/3pRS1n3KraxmDHoi4Rj0IBO9gTi9gTi9gbiFDHq7pZSt5s9bpZTdwNUNepI4Bj2RcAx6kIneQJzeQJzeQNxCBr1xXdebVVVVdV1vllLGgasb9CRxDHoi4Rj0IBO9gTi9gTi9gbj+vanrescZerKaMeiJhGPQg0z0BuL0BuL0BuIW05tm1BvXdb0TvKpBTxLHoCcSjkEPMtEbiNMbiNMbiOvXm8kHYnRfcnvy5MljzcH3y4k5L7ewXNt46vgHJ1+49sbDT26I9Mm7jz7/7IdPj95e9n24qqq1Zf/OoxdulPsu37py5OzVDZE+WXvl5rm1i+9dWoXeiByC6I1IPHojEo/eiBwsB1dKGXVfYtt8SMZozkM4Q08Sxxl6IuE4Qw8y0RuI0xuI0xuI6z3oTT1Db/L1HAx6kjgGPZFwDHqQid5AnN5AnN5AXP/eTEa8VuY9O6+qDHqSOgY9kXAMepCJ3kCc3kCc3kDc4L0x6EniGPREwjHoQSZ6A3F6A3F6A3GD98agJ4lj0BMJx6AHmegNxOkNxOkNxA3eG4OeJI5BTyQcgx5kojcQpzcQpzcQN3hvDHqSOAY9kXAMepCJ3kCc3kCc3kDc4L0x6EniGPREwjHoQSZ6A3F6A3F6A3GL6U0pZbf1Kbdbgasa9CRxDHoi4Rj0IBO9gTi9gTi9gbj+vanreqc94jWj3vqcVzfoSeIY9ETCMehBJnoDcXoDcXoDcf16U0pZL6WMexzCoCeJY9ATCcegB5noDcTpDcTpDcT1601d15vNGXrbrZfcjgKHMOhJ4hj0RMIx6EEmegNxegNxegNx/Qe99ohXShl5ya2sTgx6IuEY9CATvYE4vYE4vYG4xQx67e+VUnbPnDnzUnPw/XJizsstLNc2njr+wckXrr3x8JMbIn3y7qPPP/vh06O3l30frqpqbdm/8+iFG+W+y7euHDl7dUOkT9ZeuXlu7eJ7l1ahNyKHIHojEo/eiMSjNyIHy8FNew+95hNv533ZrTP0JHGcoScSjjP0IBO9gTi9gTi9gbj+vWl/yu3kJbeBqxv0JHEMeiLhGPQgE72BOL2BOL2BuMX0pvWBGOO6rjcDVzXoSeIY9ETCMehBJnoDcXoDcXoDcYP3xqAniWPQEwnHoAeZ6A3E6Q3E6Q3EDd4bg54kjkFPJByDHmSiNxCnNxCnNxA3eG8MepI4Bj2RcAx6kIneQJzeQJzeQNzgvTHoSeIY9ETCMehBJkvvzReuX//88Rs3/rnIIvKP3n77J5d9H6483sBB6A3EDd4bg54kjkFPJByDHmSy9N4cv379t790/frvHH/nnW+J9MkXr1/f2XjnnX+w7Ptw5fEGDkJvIG6xvSml7JZStgJXMehJ4hj0RMIx6EEmgwx6X3znnfLFd965X6RPvnT9+u8Y9CANvYG4xfWmlLJVShkb9GR1YtATCcegB5kY9CRtDHqQit5A3GJ6U0pZL6WM67reMejJ6sSgJxKOQQ8yMehJ2hj0IBW9gbiFDXq7dV1vGvRktWLQEwnHoAeZGPQkbQx6kIreQFz/3jQvtd2uqqoy6MlqxaAnEo5BDzIx6EnaGPQgFb2BuH69mbzUdvJ1a9D7ZHPw/XJizsstLNc2njr+wckXrr3x8JMbIn3y7qPPP/vh06O3l30frqpqbdm/8+iFG+W+y7euHDl7dUOkT9ZeuXlu7eJ7l1ahNyKHIEvvzefffPP3Pvvd7371gZdf3hDpk4233vr9h7797cdXoTcihyB6I3KwHFzrgzC62Z7zEM7Qk8Rxhp5IOM7Qg0yW3htn6Mmi4gw9SEVvIG6xvfGSW1mtGPREwjHoQSYGPUkbgx6kojcQZ9ATOXgMeiLhGPQgE4OepI1BD1LRG4gbvDcGPUkcg55IOAY9yMSgJ2lj0INU9AbiBu+NQU8Sx6AnEo5BDzIx6EnaGPQgFb2BuMF7Y9CTxDHoiYRj0INMDHqSNgY9SEVvIG7w3hj0JHEMeiLhrNCgN/7e48+Mv//4WyKLyWOfWfZ9uDLoSeIY9CCVpfZmPK7+zPjVY2+JLCy//pkfXeZ9uNG/N6WU7VLKeJK6rjcDVzfoSeIY9ETCWaVB7+ZX/uV45yvfGn//8SdEemZ7/J/+8ell34crg54kjkEPUlnuoPf6Y58Yv3psPP6tzz0h0juvfvZPx69/5seWeR9u9OtNKWVU1/VO6+utUso4cAiDniSOQU8knFUb9L73+Ivj7z12v0iv7HzlWwY9kVgMepDKQIPeZ+8X6Z1Xf+6/pBz0pgmepWfQk8Qx6ImEY9ATicegJxKOQQ9SMehJ3hyWQa+u601n6MnqxKAnEo5BTyQeg55IOAY9SMWgJ3lzWAa95n30tgJXMehJ4hj0RMIx6InEY9ATCcegB6kY9CRvDsOgd4Axr6oMepI6Bj2RcAx6IvEY9ETCMehBKgY9yZvMg14pZb0Z80atb3+yOfh+OTHn5RaWaxtPHf/g5AvX3nj4yQ2RPnn30eef/fDp0dvLvg9XVbW27N959MKNct/lW1eOnL26IdIna6/cPLd28b1Lq9Cb/3Htka//z2uPfOuNf7u+IdIn7//HL2/91z/44q+sQm8+/+abv/fZ7373qw+8/PKGSJ9svPXW7z/07W8/vgq9uXj6//znS8/8vx+ILCKP/L1f/zuHvTef+rEf/Ynxq8fGb5z9mQ2Rvvm//+7v/7fnvvAX/9YAvflU1cdkzAt8CEaXM/QkcZyhJxKOM/RE4nGGnkg4q3SG3lYZf//y6fHP/+aZ8TGRPvmNZ8Y73zk1PrLs+3C15N44Q08Wmqxn6JVStpuz87oZ7X/tqqoMepI6Bj2RcAx6IvEY9ETCWdFB736RPvmNZ8Z/aNATCSbroLcABj1JHIOeSDgGPZF4DHoi4Rj0ROIx6IkcIAa95THoyeJi0BMJx6AnEo9BTyQcg55IPAY9kQPEoLc8Bj1ZXAx6IuEY9ETiMeiJhGPQE4nHoCdygBj0lsegJ4uLQU8kHIOeSDwGPZFwDHoi8Rj0RA4Qg97yGPRkcTHoiYRj0BOJx6AnEo5BTyQeg57IAZJ90Cul7LY+4XY9cFWDniSOQU8kHIOeSDwGPZFwDHoi8Rj0RA6QzINeKWW7lLLd/HmrlLIbuLpBTxLHoCcSjkFPJB6Dnkg4Bj2ReAx6IgdI8kFvXNf15qyv92HQk8Qx6ImEY9ATicegJxKOQU8kHoOeyAGSddArpax3X2bbvPx2NOchDHqSOAY9kXAMeiLxGPREwjHoicRj0BM5QLIOenVdbxr0ZHVj0BMJx6AnEo9BTyQcg55IPAY9kQMk66A36wy9U6dOXaiq6tgcWat+OOotLSf+2tF/9kc//8zrT/zUTz8n0ie/+umf+9ofP/KL/2HZ9+Eh8pf+4S//qyO/9Nq///MPffk5kT75K0++/I2/+fyrl4e+Ty8j/+aXP/313/36g9954gt/+TmRPvndrz/4nW/+0s+cH/o+vYw8cOHCb/7t55//xqc+97nnRPrkgW9+88pPHD9+duj79DLytS//yfYXPv2rX3vwp554TqRP/sUjf/T6T//VL/3i0Pfpu51PfKJ69L//67+788RDP/6cSN/cfOmBt/76X/hzvzDAfXnw99A71vsGwOpZ+r/8wiGgNxCnNxCnNxCnNxDXvzd1Xe/0+JTbY71vAKweD3gQpzcQpzcQpzcQpzcQt5jeNC+7HXdffjuHYwu5AbBaPOBBnN5AnN5AnN5AnN5A3OC9OTb0DYCEBi8uJKQ3EKc3EKc3EKc3EDd4b44NfQMgocGLCwnpDcTpDcTpDcTpDcQN3ptjQ98ASGjw4kJCegNxegNxegNxegNxg/fm2NA3ABIavLiQkN5AnN5AnN5AnN5A3OC9OTb0DYCEBi8uJKQ3EKc3EKc3EKc3EDd4b44NfQMgocGLCwnpDcTpDcTpDcTpDcQN3puHhr4BkNCPD30DICG9gTi9gTi9gTi9gTi9AQAAAAC4Z5VSxjOyftDj1XW9uejbCfeKvfpSSlnXAVZZKWW3lLLd+d52Xdc7e1zndm90iFXWdKD92LI79G2Ce9WM52Pb+18z9Ds8JnFolFJGnb5sDX2bgJ6aMo8639vzL1/7Hc+DHodZ9z5eStma/KXLEz9WXWuQuGPk3us6Bj244y9a663vHfj5GBx20x4rmn9UGs26zgF+h8ckDoUZjzELH8GBJZs26E3+Qjblch87e2/yQDf5HwQPehx23ft4uy/ThonusDHlgbTXWbFwr2keC7Zbf95q/WzPM1un/eWpfZ3J9+u63pk8dk3p2sgIQjazhojJ48vksaa574/bP5/1OLJX3ybP2ZylQVYzBr3t5h9aZz4H63ap9bOtVifueHyZ9ZjkuRtZzOjLzF40P++e0bfdud7Ux5HO2eZb3a7oECzQtEGvdP5FuHmSudX8edR5Ivmxnxn0OMymPLHbmvQlMujt1SvIrHVf3/fxon35aYPetOs0l9lqPbEctceQ0hkR4V7XfXyYpvUXpFHreqHnZ53ftT3tepDFjIFi3+dg3S61Hnd2qurOM83neUxa7n9qiJt2ss7E5PnTjMeY9n1/1O3FrMeRTr8mo5+//8Dd0FnIb2fy8xln6+02BZx6xpFBj8NsRmdmnmm015PJznFvDxKQXesJ3Kiq5nss6Q56Mx5j2k88d1u/a9R6Yrm71zAC95puP7rvpVfX9Wb35ex7dSry3G1azyCDGc/HJkPBPIPezPc/bs5S2mr/zHM3stpr0Jvc16f1on25docif8fx9x+4y9p/4WoV7napprxB8+0HzFmlNOhxmE150jf1X3LnfDI59YkoZLffQNG+z88a9KY9xkyeeFbV7cev9dawt9v+GrLYa1Tbb9Db6/nZXn0z6JFd9/lY52fhQa/dgb0GPc/dyCZ4hl77H1G3ptzf9xz0SvOqic7v8PcfuFu6A17pvGFm+yyIKdd1hh4rZ9p9vOxxptEeTyaNDhxaMwa9PR9LImfoNX/eLq33y5u8r17xBs8kVGacpbDPoDe1U5HnbgY9slr0oNd5O5WPPa/z3I3Mun/nb743sxd7Dd/z9GuP36FDsEjTyl3X9c6U99C742VTnfeSuOP18wY9DrPufXyf91ppnwG71Xnwm9kryG6/l1W07/OzBr3WdT72HnqTrztn7G0VZ4mT1LTnUKX1YWMzzp7Y7/nZzL4Z9Mhuv+dNs56D7TFUbFfVXO+h57kb6XSfQzXfm3q/b389uWznQ2T2e5/wdvemvYeeDsGiTBv0WqWc9cmE3cuPmzLuNFFKDq1OF8adB63uE79R6zL7fcqT94/g0Jj18o79etPtUPc6ne/fcdm9XlICGbSef01y+0yGaYNec519n59N65tBj+zmGPSmPgfba9DrPtbs95jkuRuZTHnJ67RPpu2+9Pz2fb3M+V6snd+z3T2uDgEAAAC9GLXh7pkMgUPfDgAAAOAQMejB4kw501y3AAAAAAAAAAAAAAAAAAAAAAAAAAAAAAAAAAAAAAAAAAAAAAAAAAAAOBT+Py4N666rkH2aAAAAAElFTkSuQmCC